# Derivatives solution step at time 0 performed in 1 iterations with 0 error
# Key for lines starting with "Step":
# Step Time TStep NIter ResErr SolErr SolConv Out
Step 0 0 0 1 0 0 0 1
Step 1 0.001 0.001 1 1.99998e-08 0 0 1
Step 2 0.002 0.001 1 1.020053901927751e-08 0 0 1
Step 3 0.003 0.001 1 9.623416267869727e-09 0 0 1
Step 4 0.004 0.001 1 3.291841652577067e-08 0 0 1
Step 5 0.005 0.001 1 4.131232839255566e-08 0 0 1
Step 6 0.006 0.001 1 1.906351123389915e-08 0 0 1
Step 7 0.007 0.001 1 3.118430563486546e-09 0 0 1
Step 8 0.008 0.001 1 1.243586927617576e-12 0 0 1
Step 9 0.009000000000000001 0.001 1 1.282890229291159e-12 0 0 1
Step 10 0.01 0.001 1 1.346431297807508e-12 0 0 1
Step 11 0.011 0.001 1 1.411400211497105e-12 0 0 1
Step 12 0.012 0.001 1 1.479160627086055e-12 0 0 1
Step 13 0.013 0.001 1 1.55458391748802e-12 0 0 1
Step 14 0.01400000000000001 0.001 1 1.627067390490506e-12 0 0 1
Step 15 0.01500000000000001 0.001 1 1.705362012181184e-12 0 0 1
Step 16 0.01600000000000001 0.001 1 1.784520227257172e-12 0 0 1
Step 17 0.01700000000000001 0.001 1 1.867091195962931e-12 0 0 1
Step 18 0.01800000000000001 0.001 1 1.951535673192695e-12 0 0 1
Step 19 0.01900000000000001 0.001 1 2.035334223538275e-12 0 0 1
Step 20 0.02000000000000001 0.001 1 2.122986725178704e-12 0 0 1
Step 21 0.02100000000000001 0.001 1 2.208172879383422e-12 0 0 1
Step 22 0.02200000000000001 0.001 1 2.29720709442906e-12 0 0 1
Step 23 0.02300000000000001 0.001 1 2.383114942944241e-12 0 0 1
Step 24 0.02400000000000001 0.001 1 2.470863811586234e-12 0 0 1
Step 25 0.02500000000000002 0.001 1 2.559951219844867e-12 0 0 1
Step 26 0.02600000000000002 0.001 1 2.647702938095021e-12 0 0 1
Step 27 0.02700000000000002 0.001 1 2.735241934981586e-12 0 0 1
Step 28 0.02800000000000002 0.001 1 2.824273528333963e-12 0 0 1
Step 29 0.02900000000000002 0.001 1 2.911802722104342e-12 0 0 1
Step 30 0.03000000000000002 0.001 1 2.999336621261169e-12 0 0 1
Step 31 0.03100000000000002 0.001 1 3.08705123178583e-12 0 0 1
Step 32 0.03200000000000002 0.001 1 3.174256903577959e-12 0 0 1
Step 33 0.03300000000000002 0.001 1 3.260830116699661e-12 0 0 1
Step 34 0.03400000000000002 0.001 1 3.346215512684669e-12 0 0 1
Step 35 0.03500000000000002 0.001 1 3.433399796699733e-12 0 0 1
Step 36 0.03600000000000003 0.001 1 3.516937821989614e-12 0 0 1
Step 37 0.03700000000000003 0.001 1 3.602212259861841e-12 0 0 1
Step 38 0.03800000000000003 0.001 1 3.685294696956954e-12 0 0 1
Step 39 0.03900000000000003 0.001 1 3.770167789365073e-12 0 0 1
Step 40 0.04000000000000003 0.001 1 3.85263669085947e-12 0 0 1
Step 41 0.04100000000000003 0.001 1 3.93397593131732e-12 0 0 1
Step 42 0.04200000000000003 0.001 1 4.015911281686008e-12 0 0 1
Step 43 0.04300000000000003 0.001 1 4.094672087770069e-12 0 0 1
Step 44 0.04400000000000003 0.001 1 4.172785215097721e-12 0 0 1
Step 45 0.04500000000000003 0.001 1 4.253289785146497e-12 0 0 1
Step 46 0.04600000000000003 0.001 1 4.329185615572095e-12 0 0 1
Step 47 0.04700000000000003 0.001 1 4.407393214746671e-12 0 0 1
Step 48 0.04800000000000004 0.001 1 4.481269663038573e-12 0 0 1
Step 49 0.04900000000000004 0.001 1 4.55693235935155e-12 0 0 1
Step 50 0.05000000000000004 0.001 1 4.630370476194401e-12 0 0 1
Step 51 0.05100000000000004 0.001 1 4.70153213666701e-12 0 0 1
Step 52 0.05200000000000004 0.001 1 4.772973744389301e-12 0 0 1
Step 53 0.05300000000000004 0.001 1 4.84458110652325e-12 0 0 1
Step 54 0.05400000000000004 0.001 1 4.912066871286124e-12 0 0 1
Step 55 0.05500000000000004 0.001 1 4.980403764278811e-12 0 0 1
Step 56 0.05600000000000004 0.001 1 5.046774297290212e-12 0 0 1
Step 57 0.05700000000000004 0.001 1 5.115165812631339e-12 0 0 1
Step 58 0.05800000000000004 0.001 1 5.174515749396661e-12 0 0 1
Step 59 0.05900000000000005 0.001 1 5.240985435986306e-12 0 0 1
Step 60 0.06000000000000005 0.001 1 5.301057187777867e-12 0 0 1
Step 61 0.06100000000000005 0.001 1 5.363237396153475e-12 0 0 1
Step 62 0.06200000000000005 0.001 1 5.41956958811382e-12 0 0 1
Step 63 0.06300000000000004 0.001 1 5.4796742612452e-12 0 0 1
Step 64 0.06400000000000004 0.001 1 5.535009766355581e-12 0 0 1
Step 65 0.06500000000000004 0.001 1 5.590198206240843e-12 0 0 1
Step 66 0.06600000000000004 0.001 1 5.643662824558077e-12 0 0 1
Step 67 0.06700000000000005 0.001 1 5.696496253127864e-12 0 0 1
Step 68 0.06800000000000005 0.001 1 5.74587094150095e-12 0 0 1
Step 69 0.06900000000000005 0.001 1 5.796068421139012e-12 0 0 1
Step 70 0.07000000000000005 0.001 1 5.844381109173732e-12 0 0 1
Step 71 0.07100000000000005 0.001 1 5.889692162551106e-12 0 0 1
Step 72 0.07200000000000005 0.001 1 5.936524194439148e-12 0 0 1
Step 73 0.07300000000000005 0.001 1 5.975220648026564e-12 0 0 1
Step 74 0.07400000000000005 0.001 1 6.021631265808425e-12 0 0 1
Step 75 0.07500000000000005 0.001 1 6.061010265764134e-12 0 0 1
Step 76 0.07600000000000005 0.001 1 6.098347115806115e-12 0 0 1
Step 77 0.07700000000000005 0.001 1 6.136819933248523e-12 0 0 1
Step 78 0.07800000000000006 0.001 1 6.171033336008505e-12 0 0 1
Step 79 0.07900000000000006 0.001 1 6.207918627396813e-12 0 0 1
Step 80 0.08000000000000006 0.001 1 6.236455573546298e-12 0 0 1
Step 81 0.08100000000000006 0.001 1 6.271574462769037e-12 0 0 1
Step 82 0.08200000000000006 0.001 1 6.294905880326141e-12 0 0 1
Step 83 0.08300000000000006 0.001 1 6.328504807802109e-12 0 0 1
Step 84 0.08400000000000006 0.001 1 6.349931064084329e-12 0 0 1
Step 85 0.08500000000000006 0.001 1 6.377210299921211e-12 0 0 1
Step 86 0.08600000000000006 0.001 1 6.397531936196792e-12 0 0 1
Step 87 0.08700000000000006 0.001 1 6.41852772412959e-12 0 0 1
Step 88 0.08800000000000006 0.001 1 6.438839906261058e-12 0 0 1
Step 89 0.08900000000000007 0.001 1 6.456178247237694e-12 0 0 1
Step 90 0.09000000000000007 0.001 1 6.471281927216614e-12 0 0 1
Step 91 0.09100000000000007 0.001 1 6.482688703329979e-12 0 0 1
Step 92 0.09200000000000007 0.001 1 6.500976238352264e-12 0 0 1
Step 93 0.09300000000000007 0.001 1 6.508033183327313e-12 0 0 1
Step 94 0.09400000000000007 0.001 1 6.513613240207469e-12 0 0 1
Step 95 0.09500000000000007 0.001 1 6.523592440230974e-12 0 0 1
Step 96 0.09600000000000007 0.001 1 6.533119760479049e-12 0 0 1
Step 97 0.09700000000000007 0.001 1 6.529338986559885e-12 0 0 1
Step 98 0.09800000000000007 0.001 1 6.536084293276255e-12 0 0 1
Step 99 0.09900000000000007 0.001 1 6.533479754659364e-12 0 0 1
Step 100 0.1000000000000001 0.001 1 6.532471316333125e-12 0 0 1
Step 101 0.1010000000000001 0.001 1 6.529234018384321e-12 0 0 1
Step 102 0.1020000000000001 0.001 1 6.525343558471151e-12 0 0 1
Step 103 0.1030000000000001 0.001 1 6.51445741830615e-12 0 0 1
Step 104 0.1040000000000001 0.001 1 6.510282504459632e-12 0 0 1
Step 105 0.1050000000000001 0.001 1 6.495377790062713e-12 0 0 1
Step 106 0.1060000000000001 0.001 1 6.486052249107379e-12 0 0 1
Step 107 0.1070000000000001 0.001 1 6.472058862984275e-12 0 0 1
Step 108 0.1080000000000001 0.001 1 6.452495838797864e-12 0 0 1
Step 109 0.1090000000000001 0.001 1 6.441057945102224e-12 0 0 1
Step 110 0.1100000000000001 0.001 1 6.4149850199949e-12 0 0 1
Step 111 0.1110000000000001 0.001 1 6.396837898335493e-12 0 0 1
Step 112 0.1120000000000001 0.001 1 6.375688672011913e-12 0 0 1
Step 113 0.1130000000000001 0.001 1 6.347912796628618e-12 0 0 1
Step 114 0.1140000000000001 0.001 1 6.323059339255022e-12 0 0 1
Step 115 0.1150000000000001 0.001 1 6.295693531452466e-12 0 0 1
Step 116 0.1160000000000001 0.001 1 6.26338238194626e-12 0 0 1
Step 117 0.1170000000000001 0.001 1 6.231489977786327e-12 0 0 1
Step 118 0.1180000000000001 0.001 1 6.20414621628124e-12 0 0 1
Step 119 0.1190000000000001 0.001 1 6.163417952063562e-12 0 0 1
Step 120 0.1200000000000001 0.001 1 6.12708061216842e-12 0 0 1
Step 121 0.1210000000000001 0.001 1 6.091456901194934e-12 0 0 1
Step 122 0.1220000000000001 0.001 1 6.048908333310597e-12 0 0 1
Step 123 0.1230000000000001 0.001 1 6.01076744083739e-12 0 0 1
Step 124 0.1240000000000001 0.001 1 5.962554835915898e-12 0 0 1
Step 125 0.1250000000000001 0.001 1 5.923076667981283e-12 0 0 1
Step 126 0.1260000000000001 0.001 1 5.871857249134209e-12 0 0 1
Step 127 0.1270000000000001 0.001 1 5.826348047992069e-12 0 0 1
Step 128 0.1280000000000001 0.001 1 5.777129179079061e-12 0 0 1
Step 129 0.1290000000000001 0.001 1 5.7270596519422e-12 0 0 1
Step 130 0.1300000000000001 0.001 1 5.673585386867598e-12 0 0 1
Step 131 0.1310000000000001 0.001 1 5.617342122093643e-12 0 0 1
Step 132 0.1320000000000001 0.001 1 5.565414906719523e-12 0 0 1
Step 133 0.1330000000000001 0.001 1 5.508667234809193e-12 0 0 1
Step 134 0.1340000000000001 0.001 1 5.448376059357653e-12 0 0 1
Step 135 0.1350000000000001 0.001 1 5.390622868531605e-12 0 0 1
Step 136 0.1360000000000001 0.001 1 5.329496283030184e-12 0 0 1
Step 137 0.1370000000000001 0.001 1 5.268878021480648e-12 0 0 1
Step 138 0.1380000000000001 0.001 1 5.201830331899206e-12 0 0 1
Step 139 0.1390000000000001 0.001 1 5.144347124136678e-12 0 0 1
Step 140 0.1400000000000001 0.001 1 5.069844375018111e-12 0 0 1
Step 141 0.1410000000000001 0.001 1 5.012221047399953e-12 0 0 1
Step 142 0.1420000000000001 0.001 1 4.94093501401823e-12 0 0 1
Step 143 0.1430000000000001 0.001 1 4.874740417108676e-12 0 0 1
Step 144 0.1440000000000001 0.001 1 4.803114476591443e-12 0 0 1
Step 145 0.1450000000000001 0.001 1 4.737291032276073e-12 0 0 1
Step 146 0.1460000000000001 0.001 1 4.66071940410369e-12 0 0 1
Step 147 0.1470000000000001 0.001 1 4.599142411365571e-12 0 0 1
Step 148 0.1480000000000001 0.001 1 4.518584112430159e-12 0 0 1
Step 149 0.1490000000000001 0.001 1 4.454235713676833e-12 0 0 1
Step 150 0.1500000000000001 0.001 1 4.379611933420452e-12 0 0 1
Step 151 0.1510000000000001 0.001 1 4.303475470593999e-12 0 0 1
Step 152 0.1520000000000001 0.001 1 4.237309712709734e-12 0 0 1
Step 153 0.1530000000000001 0.001 1 4.164958813016378e-12 0 0 1
Step 154 0.1540000000000001 0.001 1 4.090544006912029e-12 0 0 1
Step 155 0.1550000000000001 0.001 1 4.022012291996208e-12 0 0 1
Step 156 0.1560000000000001 0.001 1 3.948830397011458e-12 0 0 1
Step 157 0.1570000000000001 0.001 1 3.879368112080156e-12 0 0 1
Step 158 0.1580000000000001 0.001 1 3.815477278597444e-12 0 0 1
Step 159 0.1590000000000001 0.001 1 3.745365291068238e-12 0 0 1
Step 160 0.1600000000000001 0.001 1 3.677943482401459e-12 0 0 1
Step 161 0.1610000000000001 0.001 1 3.615723653703892e-12 0 0 1
Step 162 0.1620000000000001 0.001 1 3.55604906388696e-12 0 0 1
Step 163 0.1630000000000001 0.001 1 3.492383220816396e-12 0 0 1
Step 164 0.1640000000000001 0.001 1 3.437555494204831e-12 0 0 1
Step 165 0.1650000000000001 0.001 1 3.383947386532778e-12 0 0 1
Step 166 0.1660000000000001 0.001 1 3.333231526913719e-12 0 0 1
Step 167 0.1670000000000001 0.001 1 3.284713996984126e-12 0 0 1
Step 168 0.1680000000000001 0.001 1 3.245960777097823e-12 0 0 1
Step 169 0.1690000000000001 0.001 1 3.201816568151292e-12 0 0 1
Step 170 0.1700000000000001 0.001 1 3.170659892978982e-12 0 0 1
Step 171 0.1710000000000001 0.001 1 3.143352852479656e-12 0 0 1
Step 172 0.1720000000000001 0.001 1 3.117262516450589e-12 0 0 1
Step 173 0.1730000000000001 0.001 1 3.09859933461996e-12 0 0 1
Step 174 0.1740000000000001 0.001 1 3.089370901105975e-12 0 0 1
Step 175 0.1750000000000001 0.001 1 3.082097066743154e-12 0 0 1
Step 176 0.1760000000000001 0.001 1 3.083205288942674e-12 0 0 1
Step 177 0.1770000000000001 0.001 1 3.091302948134957e-12 0 0 1
Step 178 0.1780000000000001 0.001 1 3.105093151660797e-12 0 0 1
Step 179 0.1790000000000001 0.001 1 3.126690323080712e-12 0 0 1
Step 180 0.1800000000000001 0.001 1 3.154840360233642e-12 0 0 1
Step 181 0.1810000000000001 0.001 1 3.190305458519179e-12 0 0 1
Step 182 0.1820000000000001 0.001 1 3.232043610890914e-12 0 0 1
Step 183 0.1830000000000001 0.001 1 3.281733745026292e-12 0 0 1
Step 184 0.1840000000000001 0.001 1 3.336205903149424e-12 0 0 1
Step 185 0.1850000000000001 0.001 1 3.398623283663864e-12 0 0 1
Step 186 0.1860000000000001 0.001 1 3.466903937561675e-12 0 0 1
Step 187 0.1870000000000001 0.001 1 3.542486274308713e-12 0 0 1
Step 188 0.1880000000000001 0.001 1 3.621695200430062e-12 0 0 1
Step 189 0.1890000000000001 0.001 1 3.706584491467711e-12 0 0 1
Step 190 0.1900000000000001 0.001 1 3.801018346620578e-12 0 0 1
Step 191 0.1910000000000001 0.001 1 3.892281314945927e-12 0 0 1
Step 192 0.1920000000000001 0.001 1 4.000680312155607e-12 0 0 1
Step 193 0.1930000000000001 0.001 1 4.09660164805532e-12 0 0 1
Step 194 0.1940000000000001 0.001 1 4.216435662792041e-12 0 0 1
Step 195 0.1950000000000001 0.001 1 4.325250910711695e-12 0 0 1
Step 196 0.1960000000000001 0.001 1 4.444653068420243e-12 0 0 1
Step 197 0.1970000000000001 0.001 1 4.565605250114424e-12 0 0 1
Step 198 0.1980000000000001 0.001 1 4.695248228841117e-12 0 0 1
Step 199 0.1990000000000001 0.001 1 4.81689009243997e-12 0 0 1
Step 200 0.2000000000000001 0.001 1 4.955322971918748e-12 0 0 1
Step 201 0.2010000000000002 0.001 1 5.084953148488252e-12 0 0 1
Step 202 0.2020000000000002 0.001 1 5.225280701198168e-12 0 0 1
Step 203 0.2030000000000002 0.001 1 5.366590011645735e-12 0 0 1
Step 204 0.2040000000000002 0.001 1 5.499882197118698e-12 0 0 1
Step 205 0.2050000000000002 0.001 1 5.658400911484647e-12 0 0 1
Step 206 0.2060000000000002 0.001 1 5.79692501304204e-12 0 0 1
Step 207 0.2070000000000002 0.001 1 5.944770419909052e-12 0 0 1
Step 208 0.2080000000000002 0.001 1 6.100988907967409e-12 0 0 1
Step 209 0.2090000000000002 0.001 1 6.24779217760036e-12 0 0 1
Step 210 0.2100000000000002 0.001 1 6.414962453253564e-12 0 0 1
Step 211 0.2110000000000002 0.001 1 6.553438905582502e-12 0 0 1
Step 212 0.2120000000000002 0.001 1 6.720646188577733e-12 0 0 1
Step 213 0.2130000000000002 0.001 1 6.885225232406451e-12 0 0 1
Step 214 0.2140000000000002 0.001 1 7.038332237072507e-12 0 0 1
Step 215 0.2150000000000002 0.001 1 7.199788479828443e-12 0 0 1
Step 216 0.2160000000000002 0.001 1 7.367326482742142e-12 0 0 1
Step 217 0.2170000000000002 0.001 1 7.530809141186596e-12 0 0 1
Step 218 0.2180000000000002 0.001 1 7.69711618467021e-12 0 0 1
Step 219 0.2190000000000002 0.001 1 7.859849159391188e-12 0 0 1
Step 220 0.2200000000000002 0.001 1 8.027490718354176e-12 0 0 1
Step 221 0.2210000000000002 0.001 1 8.201159124750507e-12 0 0 1
Step 222 0.2220000000000002 0.001 1 8.36963353865497e-12 0 0 1
Step 223 0.2230000000000002 0.001 1 8.534716327791537e-12 0 0 1
Step 224 0.2240000000000002 0.001 1 8.704566012249259e-12 0 0 1
Step 225 0.2250000000000002 0.001 1 8.885760135896756e-12 0 0 1
Step 226 0.2260000000000002 0.001 1 9.048944275668814e-12 0 0 1
Step 227 0.2270000000000002 0.001 1 9.22329823117222e-12 0 0 1
Step 228 0.2280000000000002 0.001 1 9.398159538615294e-12 0 0 1
Step 229 0.2290000000000002 0.001 1 9.57081168049249e-12 0 0 1
Step 230 0.2300000000000002 0.001 1 9.748423795883519e-12 0 0 1
Step 231 0.2310000000000002 0.001 1 9.912460228899286e-12 0 0 1
Step 232 0.2320000000000002 0.001 1 1.009981678513969e-11 0 0 1
Step 233 0.2330000000000002 0.001 1 1.027147994315379e-11 0 0 1
Step 234 0.2340000000000002 0.001 1 1.043864323919406e-11 0 0 1
Step 235 0.2350000000000002 0.001 1 1.062196200386635e-11 0 0 1
Step 236 0.2360000000000002 0.001 1 1.079988590593501e-11 0 0 1
Step 237 0.2370000000000002 0.001 1 1.097036260353961e-11 0 0 1
Step 238 0.2380000000000002 0.001 1 1.114875413481041e-11 0 0 1
Step 239 0.2390000000000002 0.001 1 1.132182940200967e-11 0 0 1
Step 240 0.2400000000000002 0.001 1 1.150324287080862e-11 0 0 1
Step 241 0.2410000000000002 0.001 1 1.167656610448561e-11 0 0 1
Step 242 0.2420000000000002 0.001 1 1.184727799039277e-11 0 0 1
Step 243 0.2430000000000002 0.001 1 1.203181452429288e-11 0 0 1
Step 244 0.2440000000000002 0.001 1 1.220377659074504e-11 0 0 1
Step 245 0.2450000000000002 0.001 1 1.237581041474351e-11 0 0 1
Step 246 0.2460000000000002 0.001 1 1.25576366634542e-11 0 0 1
Step 247 0.2470000000000002 0.001 1 1.272888067633869e-11 0 0 1
Step 248 0.2480000000000002 0.001 1 1.290383550756195e-11 0 0 1
Step 249 0.2490000000000002 0.001 1 1.307613220328289e-11 0 0 1
Step 250 0.2500000000000002 0.001 1 1.325666262039498e-11 0 0 1
Step 251 0.2510000000000002 0.001 1 1.342639701735545e-11 0 0 1
Step 252 0.2520000000000002 0.001 1 1.359740933251878e-11 0 0 1
Step 253 0.2530000000000002 0.001 1 1.37746777062277e-11 0 0 1
Step 254 0.2540000000000002 0.001 1 1.39481559382818e-11 0 0 1
Step 255 0.2550000000000002 0.001 1 1.411112273779159e-11 0 0 1
Step 256 0.2560000000000002 0.001 1 1.429518944270816e-11 0 0 1
Step 257 0.2570000000000002 0.001 1 1.446117355200763e-11 0 0 1
Step 258 0.2580000000000002 0.001 1 1.462124187859818e-11 0 0 1
Step 259 0.2590000000000002 0.001 1 1.480394061267991e-11 0 0 1
Step 260 0.2600000000000002 0.001 1 1.497109666389653e-11 0 0 1
Step 261 0.2610000000000002 0.001 1 1.513459970315944e-11 0 0 1
Step 262 0.2620000000000002 0.001 1 1.529886001252531e-11 0 0 1
Step 263 0.2630000000000002 0.001 1 1.547731195402559e-11 0 0 1
Step 264 0.2640000000000002 0.001 1 1.563585745282509e-11 0 0 1
Step 265 0.2650000000000002 0.001 1 1.579617940484273e-11 0 0 1
Step 266 0.2660000000000002 0.001 1 1.597087010241917e-11 0 0 1
Step 267 0.2670000000000002 0.001 1 1.612774605355067e-11 0 0 1
Step 268 0.2680000000000002 0.001 1 1.629427547618337e-11 0 0 1
Step 269 0.2690000000000002 0.001 1 1.644869601726687e-11 0 0 1
Step 270 0.2700000000000002 0.001 1 1.66203152157164e-11 0 0 1
Step 271 0.2710000000000002 0.001 1 1.676945900642111e-11 0 0 1
Step 272 0.2720000000000002 0.001 1 1.693471679910541e-11 0 0 1
Step 273 0.2730000000000002 0.001 1 1.709318130454979e-11 0 0 1
Step 274 0.2740000000000002 0.001 1 1.724213837085941e-11 0 0 1
Step 275 0.2750000000000002 0.001 1 1.740234397779373e-11 0 0 1
Step 276 0.2760000000000002 0.001 1 1.755980827265863e-11 0 0 1
Step 277 0.2770000000000002 0.001 1 1.770763213924219e-11 0 0 1
Step 278 0.2780000000000002 0.001 1 1.786000341306653e-11 0 0 1
Step 279 0.2790000000000002 0.001 1 1.80143013218042e-11 0 0 1
Step 280 0.2800000000000002 0.001 1 1.816038072743801e-11 0 0 1
Step 281 0.2810000000000002 0.001 1 1.831305024633489e-11 0 0 1
Step 282 0.2820000000000002 0.001 1 1.845702709681861e-11 0 0 1
Step 283 0.2830000000000002 0.001 1 1.860399203982402e-11 0 0 1
Step 284 0.2840000000000002 0.001 1 1.874057435320957e-11 0 0 1
Step 285 0.2850000000000002 0.001 1 1.889957316996033e-11 0 0 1
Step 286 0.2860000000000002 0.001 1 1.902943840594065e-11 0 0 1
Step 287 0.2870000000000002 0.001 1 1.91648649136159e-11 0 0 1
Step 288 0.2880000000000002 0.001 1 1.93202121024045e-11 0 0 1
Step 289 0.2890000000000002 0.001 1 1.944410377534722e-11 0 0 1
Step 290 0.2900000000000002 0.001 1 1.958301045305792e-11 0 0 1
Step 291 0.2910000000000002 0.001 1 1.972105173376833e-11 0 0 1
Step 292 0.2920000000000002 0.001 1 1.985186051183969e-11 0 0 1
Step 293 0.2930000000000002 0.001 1 1.998164795804101e-11 0 0 1
Step 294 0.2940000000000002 0.001 1 2.010945348588982e-11 0 0 1
Step 295 0.2950000000000002 0.001 1 2.024834123172287e-11 0 0 1
Step 296 0.2960000000000002 0.001 1 2.036071177665059e-11 0 0 1
Step 297 0.2970000000000002 0.001 1 2.049509181479007e-11 0 0 1
Step 298 0.2980000000000002 0.001 1 2.061522563826018e-11 0 0 1
Step 299 0.2990000000000002 0.001 1 2.073545019354824e-11 0 0 1
Step 300 0.3000000000000002 0.001 1 2.085955450075595e-11 0 0 1
Step 301 0.3010000000000002 0.001 1 2.097488928376294e-11 0 0 1
Step 302 0.3020000000000002 0.001 1 2.109367077865447e-11 0 0 1
Step 303 0.3030000000000002 0.001 1 2.120854618390257e-11 0 0 1
Step 304 0.3040000000000002 0.001 1 2.13151922032743e-11 0 0 1
Step 305 0.3050000000000002 0.001 1 2.143191373420426e-11 0 0 1
Step 306 0.3060000000000002 0.001 1 2.154623330347292e-11 0 0 1
Step 307 0.3070000000000002 0.001 1 2.164505579738301e-11 0 0 1
Step 308 0.3080000000000002 0.001 1 2.175198482436514e-11 0 0 1
Step 309 0.3090000000000002 0.001 1 2.185930927269888e-11 0 0 1
Step 310 0.3100000000000002 0.001 1 2.19602027446003e-11 0 0 1
Step 311 0.3110000000000002 0.001 1 2.206155389881687e-11 0 0 1
Step 312 0.3120000000000002 0.001 1 2.215247573283143e-11 0 0 1
Step 313 0.3130000000000002 0.001 1 2.225970313679256e-11 0 0 1
Step 314 0.3140000000000002 0.001 1 2.23471221341131e-11 0 0 1
Step 315 0.3150000000000002 0.001 1 2.243861631500149e-11 0 0 1
Step 316 0.3160000000000002 0.001 1 2.253871877579205e-11 0 0 1
Step 317 0.3170000000000002 0.001 1 2.261266707250065e-11 0 0 1
Step 318 0.3180000000000002 0.001 1 2.271038241731193e-11 0 0 1
Step 319 0.3190000000000002 0.001 1 2.278842672219045e-11 0 0 1
Step 320 0.3200000000000002 0.001 1 2.287935875182136e-11 0 0 1
Step 321 0.3210000000000002 0.001 1 2.295092015362779e-11 0 0 1
Step 322 0.3220000000000002 0.001 1 2.302972878206465e-11 0 0 1
Step 323 0.3230000000000002 0.001 1 2.31132770022548e-11 0 0 1
Step 324 0.3240000000000002 0.001 1 2.317723023593277e-11 0 0 1
Step 325 0.3250000000000002 0.001 1 2.325485758716968e-11 0 0 1
Step 326 0.3260000000000002 0.001 1 2.332710696923421e-11 0 0 1
Step 327 0.3270000000000002 0.001 1 2.339198945726322e-11 0 0 1
Step 328 0.3280000000000002 0.001 1 2.346001820502388e-11 0 0 1
Step 329 0.3290000000000002 0.001 1 2.351220286783564e-11 0 0 1
Step 330 0.3300000000000002 0.001 1 2.359415628294858e-11 0 0 1
Step 331 0.3310000000000002 0.001 1 2.363670809375101e-11 0 0 1
Step 332 0.3320000000000002 0.001 1 2.370402018649428e-11 0 0 1
Step 333 0.3330000000000002 0.001 1 2.374667672982693e-11 0 0 1
Step 334 0.3340000000000002 0.001 1 2.380984551319348e-11 0 0 1
Step 335 0.3350000000000002 0.001 1 2.386317531159926e-11 0 0 1
Step 336 0.3360000000000002 0.001 1 2.389426840833517e-11 0 0 1
Step 337 0.3370000000000002 0.001 1 2.395984540202268e-11 0 0 1
Step 338 0.3380000000000002 0.001 1 2.399638129528981e-11 0 0 1
Step 339 0.3390000000000002 0.001 1 2.403284240168567e-11 0 0 1
Step 340 0.3400000000000002 0.001 1 2.407915188458598e-11 0 0 1
Step 341 0.3410000000000002 0.001 1 2.411528996601383e-11 0 0 1
Step 342 0.3420000000000002 0.001 1 2.414706474798026e-11 0 0 1
Step 343 0.3430000000000002 0.001 1 2.418446052816691e-11 0 0 1
Step 344 0.3440000000000003 0.001 1 2.420206445099739e-11 0 0 1
Step 345 0.3450000000000003 0.001 1 2.425063259076498e-11 0 0 1
Step 346 0.3460000000000003 0.001 1 2.426260524993247e-11 0 0 1
Step 347 0.3470000000000003 0.001 1 2.428735169467252e-11 0 0 1
Step 348 0.3480000000000003 0.001 1 2.430887373931335e-11 0 0 1
Step 349 0.3490000000000003 0.001 1 2.433641139865086e-11 0 0 1
Step 350 0.3500000000000003 0.001 1 2.434243629535569e-11 0 0 1
Step 351 0.3510000000000003 0.001 1 2.435775067341972e-11 0 0 1
Step 352 0.3520000000000003 0.001 1 2.437290488451763e-11 0 0 1
Step 353 0.3530000000000003 0.001 1 2.438741465473727e-11 0 0 1
Step 354 0.3540000000000003 0.001 1 2.43831759086534e-11 0 0 1
Step 355 0.3550000000000003 0.001 1 2.440077387367075e-11 0 0 1
Step 356 0.3560000000000003 0.001 1 2.440035762873591e-11 0 0 1
Step 357 0.3570000000000003 0.001 1 2.439653035326742e-11 0 0 1
Step 358 0.3580000000000003 0.001 1 2.439178306758803e-11 0 0 1
Step 359 0.3590000000000003 0.001 1 2.44008725670054e-11 0 0 1
Step 360 0.3600000000000003 0.001 1 2.438889301892464e-11 0 0 1
Step 361 0.3610000000000003 0.001 1 2.437235643325031e-11 0 0 1
Step 362 0.3620000000000003 0.001 1 2.437047913665375e-11 0 0 1
Step 363 0.3630000000000003 0.001 1 2.436114096289678e-11 0 0 1
Step 364 0.3640000000000003 0.001 1 2.433358796186739e-11 0 0 1
Step 365 0.3650000000000003 0.001 1 2.431936234136789e-11 0 0 1
Step 366 0.3660000000000003 0.001 1 2.430962992985051e-11 0 0 1
Step 367 0.3670000000000003 0.001 1 2.427812690778315e-11 0 0 1
Step 368 0.3680000000000003 0.001 1 2.424914413755435e-11 0 0 1
Step 369 0.3690000000000003 0.001 1 2.423462413828061e-11 0 0 1
Step 370 0.3700000000000003 0.001 1 2.419960354664574e-11 0 0 1
Step 371 0.3710000000000003 0.001 1 2.417275694134535e-11 0 0 1
Step 372 0.3720000000000003 0.001 1 2.412290669628036e-11 0 0 1
Step 373 0.3730000000000003 0.001 1 2.410770933082744e-11 0 0 1
Step 374 0.3740000000000003 0.001 1 2.406168477269246e-11 0 0 1
Step 375 0.3750000000000003 0.001 1 2.401552958589627e-11 0 0 1
Step 376 0.3760000000000003 0.001 1 2.398298725319992e-11 0 0 1
Step 377 0.3770000000000003 0.001 1 2.39266525727993e-11 0 0 1
Step 378 0.3780000000000003 0.001 1 2.388972802853534e-11 0 0 1
Step 379 0.3790000000000003 0.001 1 2.38436076430459e-11 0 0 1
Step 380 0.3800000000000003 0.001 1 2.377795011240109e-11 0 0 1
Step 381 0.3810000000000003 0.001 1 2.373328249944021e-11 0 0 1
Step 382 0.3820000000000003 0.001 1 2.368094765375197e-11 0 0 1
Step 383 0.3830000000000003 0.001 1 2.361313676126921e-11 0 0 1
Step 384 0.3840000000000003 0.001 1 2.356235879719549e-11 0 0 1
Step 385 0.3850000000000003 0.001 1 2.349535354758191e-11 0 0 1
Step 386 0.3860000000000003 0.001 1 2.34290382629662e-11 0 0 1
Step 387 0.3870000000000003 0.001 1 2.336991660515132e-11 0 0 1
Step 388 0.3880000000000003 0.001 1 2.329357724291639e-11 0 0 1
Step 389 0.3890000000000003 0.001 1 2.322393879250091e-11 0 0 1
Step 390 0.3900000000000003 0.001 1 2.315447704193132e-11 0 0 1
Step 391 0.3910000000000003 0.001 1 2.308128355513466e-11 0 0 1
Step 392 0.3920000000000003 0.001 1 2.299384858918715e-11 0 0 1
Step 393 0.3930000000000003 0.001 1 2.293066751840522e-11 0 0 1
Step 394 0.3940000000000003 0.001 1 2.28304256829839e-11 0 0 1
Step 395 0.3950000000000003 0.001 1 2.276418782736996e-11 0 0 1
Step 396 0.3960000000000003 0.001 1 2.267237859843643e-11 0 0 1
Step 397 0.3970000000000003 0.001 1 2.258268197943706e-11 0 0 1
Step 398 0.3980000000000003 0.001 1 2.249748517130074e-11 0 0 1
Step 399 0.3990000000000003 0.001 1 2.239729885864394e-11 0 0 1
Step 400 0.4000000000000003 0.001 1 2.231949737803711e-11 0 0 1
Step 401 0.4010000000000003 0.001 1 2.221160562198231e-11 0 0 1
Step 402 0.4020000000000003 0.001 1 2.212055036590405e-11 0 0 1
Step 403 0.4030000000000003 0.001 1 2.201570792763485e-11 0 0 1
Step 404 0.4040000000000003 0.001 1 2.192541699386189e-11 0 0 1
Step 405 0.4050000000000003 0.001 1 2.181163248290878e-11 0 0 1
Step 406 0.4060000000000003 0.001 1 2.171151590175545e-11 0 0 1
Step 407 0.4070000000000003 0.001 1 2.160710632059651e-11 0 0 1
Step 408 0.4080000000000003 0.001 1 2.149539973111208e-11 0 0 1
Step 409 0.4090000000000003 0.001 1 2.138661689131018e-11 0 0 1
Step 410 0.4100000000000003 0.001 1 2.127458545329096e-11 0 0 1
Step 411 0.4110000000000003 0.001 1 2.115731472665219e-11 0 0 1
Step 412 0.4120000000000003 0.001 1 2.105228626286624e-11 0 0 1
Step 413 0.4130000000000003 0.001 1 2.092327569490197e-11 0 0 1
Step 414 0.4140000000000003 0.001 1 2.08103589294348e-11 0 0 1
Step 415 0.4150000000000003 0.001 1 2.068483146425733e-11 0 0 1
Step 416 0.4160000000000003 0.001 1 2.057183889022593e-11 0 0 1
Step 417 0.4170000000000003 0.001 1 2.044070010088957e-11 0 0 1
Step 418 0.4180000000000003 0.001 1 2.031586137547945e-11 0 0 1
Step 419 0.4190000000000003 0.001 1 2.019043141406871e-11 0 0 1
Step 420 0.4200000000000003 0.001 1 2.005827489927129e-11 0 0 1
Step 421 0.4210000000000003 0.001 1 1.993478659374551e-11 0 0 1
Step 422 0.4220000000000003 0.001 1 1.979812502951446e-11 0 0 1
Step 423 0.4230000000000003 0.001 1 1.965790529664261e-11 0 0 1
Step 424 0.4240000000000003 0.001 1 1.953734298911072e-11 0 0 1
Step 425 0.4250000000000003 0.001 1 1.938884361221016e-11 0 0 1
Step 426 0.4260000000000003 0.001 1 1.925414643816761e-11 0 0 1
Step 427 0.4270000000000003 0.001 1 1.911770522446621e-11 0 0 1
Step 428 0.4280000000000003 0.001 1 1.897745826699314e-11 0 0 1
Step 429 0.4290000000000003 0.001 1 1.88296204535124e-11 0 0 1
Step 430 0.4300000000000003 0.001 1 1.869019298601811e-11 0 0 1
Step 431 0.4310000000000003 0.001 1 1.854160222180804e-11 0 0 1
Step 432 0.4320000000000003 0.001 1 1.840005099471405e-11 0 0 1
Step 433 0.4330000000000003 0.001 1 1.825224472905048e-11 0 0 1
Step 434 0.4340000000000003 0.001 1 1.810068689165028e-11 0 0 1
Step 435 0.4350000000000003 0.001 1 1.794908214140387e-11 0 0 1
Step 436 0.4360000000000003 0.001 1 1.780468047441355e-11 0 0 1
Step 437 0.4370000000000003 0.001 1 1.76451289912931e-11 0 0 1
Step 438 0.4380000000000003 0.001 1 1.749715507918683e-11 0 0 1
Step 439 0.4390000000000003 0.001 1 1.733807083302661e-11 0 0 1
Step 440 0.4400000000000003 0.001 1 1.718348775742966e-11 0 0 1
Step 441 0.4410000000000003 0.001 1 1.702509984453244e-11 0 0 1
Step 442 0.4420000000000003 0.001 1 1.687336697983283e-11 0 0 1
Step 443 0.4430000000000003 0.001 1 1.670860501032068e-11 0 0 1
Step 444 0.4440000000000003 0.001 1 1.654827385671071e-11 0 0 1
Step 445 0.4450000000000003 0.001 1 1.638576405812937e-11 0 0 1
Step 446 0.4460000000000003 0.001 1 1.623351265292508e-11 0 0 1
Step 447 0.4470000000000003 0.001 1 1.606156208314282e-11 0 0 1
Step 448 0.4480000000000003 0.001 1 1.589462678170066e-11 0 0 1
Step 449 0.4490000000000003 0.001 1 1.573905760044974e-11 0 0 1
Step 450 0.4500000000000003 0.001 1 1.557584016748674e-11 0 0 1
Step 451 0.4510000000000003 0.001 1 1.539651604195411e-11 0 0 1
Step 452 0.4520000000000003 0.001 1 1.523684719849476e-11 0 0 1
Step 453 0.4530000000000003 0.001 1 1.506709631240695e-11 0 0 1
Step 454 0.4540000000000003 0.001 1 1.490827218551311e-11 0 0 1
Step 455 0.4550000000000003 0.001 1 1.472266809714632e-11 0 0 1
Step 456 0.4560000000000003 0.001 1 1.456979825684016e-11 0 0 1
Step 457 0.4570000000000004 0.001 1 1.437961429170221e-11 0 0 1
Step 458 0.4580000000000004 0.001 1 1.422870929430616e-11 0 0 1
Step 459 0.4590000000000004 0.001 1 1.404777039947564e-11 0 0 1
Step 460 0.4600000000000004 0.001 1 1.38707445107192e-11 0 0 1
Step 461 0.4610000000000004 0.001 1 1.370977871887344e-11 0 0 1
Step 462 0.4620000000000004 0.001 1 1.352555503175648e-11 0 0 1
Step 463 0.4630000000000004 0.001 1 1.336089453571405e-11 0 0 1
Step 464 0.4640000000000004 0.001 1 1.317751454542869e-11 0 0 1
Step 465 0.4650000000000004 0.001 1 1.301124118575453e-11 0 0 1
Step 466 0.4660000000000004 0.001 1 1.283815636283487e-11 0 0 1
Step 467 0.4670000000000004 0.001 1 1.26525499680577e-11 0 0 1
Step 468 0.4680000000000004 0.001 1 1.248116616725662e-11 0 0 1
Step 469 0.4690000000000004 0.001 1 1.231497354050233e-11 0 0 1
Step 470 0.4700000000000004 0.001 1 1.213021524518612e-11 0 0 1
Step 471 0.4710000000000004 0.001 1 1.195917268736933e-11 0 0 1
Step 472 0.4720000000000004 0.001 1 1.177369336566441e-11 0 0 1
Step 473 0.4730000000000004 0.001 1 1.161443478682905e-11 0 0 1
Step 474 0.4740000000000004 0.001 1 1.142340195738007e-11 0 0 1
Step 475 0.4750000000000004 0.001 1 1.125437191348245e-11 0 0 1
Step 476 0.4760000000000004 0.001 1 1.107967470521968e-11 0 0 1
Step 477 0.4770000000000004 0.001 1 1.089677827960336e-11 0 0 1
Step 478 0.4780000000000004 0.001 1 1.073160337114155e-11 0 0 1
Step 479 0.4790000000000004 0.001 1 1.054411355018826e-11 0 0 1
Step 480 0.4800000000000004 0.001 1 1.037435683753669e-11 0 0 1
Step 481 0.4810000000000004 0.001 1 1.020397418132509e-11 0 0 1
Step 482 0.4820000000000004 0.001 1 1.002203133062868e-11 0 0 1
Step 483 0.4830000000000004 0.001 1 9.851295806578883e-12 0 0 1
Step 484 0.4840000000000004 0.001 1 9.670219445821548e-12 0 0 1
Step 485 0.4850000000000004 0.001 1 9.506254175288497e-12 0 0 1
Step 486 0.4860000000000004 0.001 1 9.328613257153585e-12 0 0 1
Step 487 0.4870000000000004 0.001 1 9.149001038557711e-12 0 0 1
Step 488 0.4880000000000004 0.001 1 8.985710346254255e-12 0 0 1
Step 489 0.4890000000000004 0.001 1 8.810404418982259e-12 0 0 1
Step 490 0.4900000000000004 0.001 1 8.640064287531729e-12 0 0 1
Step 491 0.4910000000000004 0.001 1 8.466591667901548e-12 0 0 1
Step 492 0.4920000000000004 0.001 1 8.300688445157335e-12 0 0 1
Step 493 0.4930000000000004 0.001 1 8.132558959327921e-12 0 0 1
Step 494 0.4940000000000004 0.001 1 7.958260655686715e-12 0 0 1
Step 495 0.4950000000000004 0.001 1 7.794669591775307e-12 0 0 1
Step 496 0.4960000000000004 0.001 1 7.633690610943769e-12 0 0 1
Step 497 0.4970000000000004 0.001 1 7.460034632955619e-12 0 0 1
Step 498 0.4980000000000004 0.001 1 7.297312116283762e-12 0 0 1
Step 499 0.4990000000000004 0.001 1 7.142258823769096e-12 0 0 1
Step 500 0.5000000000000003 0.001 1 6.973077355735234e-12 0 0 1
Step 501 0.5010000000000003 0.001 1 6.814870681852253e-12 0 0 1
Step 502 0.5020000000000003 0.001 1 6.655994652779751e-12 0 0 1
Step 503 0.5030000000000003 0.001 1 6.501080121422084e-12 0 0 1
Step 504 0.5040000000000003 0.001 1 6.339725820169681e-12 0 0 1
Step 505 0.5050000000000003 0.001 1 6.192238519718204e-12 0 0 1
Step 506 0.5060000000000003 0.001 1 6.039675199508454e-12 0 0 1
Step 507 0.5070000000000003 0.001 1 5.884688899035488e-12 0 0 1
Step 508 0.5080000000000003 0.001 1 5.738303989769056e-12 0 0 1
Step 509 0.5090000000000003 0.001 1 5.595841737274557e-12 0 0 1
Step 510 0.5100000000000003 0.001 1 5.446940476662471e-12 0 0 1
Step 511 0.5110000000000003 0.001 1 5.309095270343303e-12 0 0 1
Step 512 0.5120000000000003 0.001 1 5.165669712820972e-12 0 0 1
Step 513 0.5130000000000003 0.001 1 5.036709680544531e-12 0 0 1
Step 514 0.5140000000000003 0.001 1 4.896983036239819e-12 0 0 1
Step 515 0.5150000000000003 0.001 1 4.767750189808461e-12 0 0 1
Step 516 0.5160000000000003 0.001 1 4.641651499185741e-12 0 0 1
Step 517 0.5170000000000003 0.001 1 4.515355351034714e-12 0 0 1
Step 518 0.5180000000000003 0.001 1 4.398840346222916e-12 0 0 1
Step 519 0.5190000000000003 0.001 1 4.280858690320304e-12 0 0 1
Step 520 0.5200000000000004 0.001 1 4.166577650378084e-12 0 0 1
Step 521 0.5210000000000004 0.001 1 4.058783023155989e-12 0 0 1
Step 522 0.5220000000000004 0.001 1 3.954516917215377e-12 0 0 1
Step 523 0.5230000000000004 0.001 1 3.857692627696024e-12 0 0 1
Step 524 0.5240000000000004 0.001 1 3.75946144190759e-12 0 0 1
Step 525 0.5250000000000004 0.001 1 3.673363188720112e-12 0 0 1
Step 526 0.5260000000000004 0.001 1 3.589938268327976e-12 0 0 1
Step 527 0.5270000000000004 0.001 1 3.508662143912959e-12 0 0 1
Step 528 0.5280000000000004 0.001 1 3.439915537189336e-12 0 0 1
Step 529 0.5290000000000004 0.001 1 3.373517494720444e-12 0 0 1
Step 530 0.5300000000000004 0.001 1 3.313535528970485e-12 0 0 1
Step 531 0.5310000000000004 0.001 1 3.260449944874954e-12 0 0 1
Step 532 0.5320000000000004 0.001 1 3.214484128471037e-12 0 0 1
Step 533 0.5330000000000004 0.001 1 3.175399693393328e-12 0 0 1
Step 534 0.5340000000000004 0.001 1 3.142804269410479e-12 0 0 1
Step 535 0.5350000000000004 0.001 1 3.117534825143498e-12 0 0 1
Step 536 0.5360000000000004 0.001 1 3.098598884066155e-12 0 0 1
Step 537 0.5370000000000004 0.001 1 3.087311676706427e-12 0 0 1
Step 538 0.5380000000000004 0.001 1 3.082734466404866e-12 0 0 1
Step 539 0.5390000000000004 0.001 1 3.084206380184452e-12 0 0 1
Step 540 0.5400000000000004 0.001 1 3.091707143096936e-12 0 0 1
Step 541 0.5410000000000004 0.001 1 3.10724978095425e-12 0 0 1
Step 542 0.5420000000000004 0.001 1 3.126053773429682e-12 0 0 1
Step 543 0.5430000000000004 0.001 1 3.153669523942747e-12 0 0 1
Step 544 0.5440000000000004 0.001 1 3.181965411118956e-12 0 0 1
Step 545 0.5450000000000004 0.001 1 3.221525276902726e-12 0 0 1
Step 546 0.5460000000000004 0.001 1 3.258036188604551e-12 0 0 1
Step 547 0.5470000000000004 0.001 1 3.30666356141718e-12 0 0 1
Step 548 0.5480000000000004 0.001 1 3.350766694969657e-12 0 0 1
Step 549 0.5490000000000004 0.001 1 3.406666096740245e-12 0 0 1
Step 550 0.5500000000000004 0.001 1 3.461113216148446e-12 0 0 1
Step 551 0.5510000000000004 0.001 1 3.515094543479688e-12 0 0 1
Step 552 0.5520000000000004 0.001 1 3.581329091478381e-12 0 0 1
Step 553 0.5530000000000004 0.001 1 3.643067365548843e-12 0 0 1
Step 554 0.5540000000000004 0.001 1 3.703288644713233e-12 0 0 1
Step 555 0.5550000000000004 0.001 1 3.77097860707182e-12 0 0 1
Step 556 0.5560000000000004 0.001 1 3.843425211898903e-12 0 0 1
Step 557 0.5570000000000004 0.001 1 3.907919840615041e-12 0 0 1
Step 558 0.5580000000000004 0.001 1 3.975833547731745e-12 0 0 1
Step 559 0.5590000000000004 0.001 1 4.053349776114353e-12 0 0 1
Step 560 0.5600000000000004 0.001 1 4.12053526887612e-12 0 0 1
Step 561 0.5610000000000004 0.001 1 4.188875237562327e-12 0 0 1
Step 562 0.5620000000000004 0.001 1 4.268057405658671e-12 0 0 1
Step 563 0.5630000000000004 0.001 1 4.333410238812135e-12 0 0 1
Step 564 0.5640000000000004 0.001 1 4.412534919543815e-12 0 0 1
Step 565 0.5650000000000004 0.001 1 4.477078430239804e-12 0 0 1
Step 566 0.5660000000000004 0.001 1 4.55115600142668e-12 0 0 1
Step 567 0.5670000000000004 0.001 1 4.625932154403957e-12 0 0 1
Step 568 0.5680000000000004 0.001 1 4.689993774106323e-12 0 0 1
Step 569 0.5690000000000004 0.001 1 4.766215606652764e-12 0 0 1
Step 570 0.5700000000000004 0.001 1 4.832547444295517e-12 0 0 1
Step 571 0.5710000000000004 0.001 1 4.900078593085318e-12 0 0 1
Step 572 0.5720000000000004 0.001 1 4.971586900642928e-12 0 0 1
Step 573 0.5730000000000004 0.001 1 5.033341537186115e-12 0 0 1
Step 574 0.5740000000000004 0.001 1 5.100346854119769e-12 0 0 1
Step 575 0.5750000000000004 0.001 1 5.168316061639651e-12 0 0 1
Step 576 0.5760000000000004 0.001 1 5.231693824431862e-12 0 0 1
Step 577 0.5770000000000004 0.001 1 5.291630082011206e-12 0 0 1
Step 578 0.5780000000000004 0.001 1 5.353560874768569e-12 0 0 1
Step 579 0.5790000000000004 0.001 1 5.412467522369965e-12 0 0 1
Step 580 0.5800000000000004 0.001 1 5.475172851638547e-12 0 0 1
Step 581 0.5810000000000004 0.001 1 5.533552225541648e-12 0 0 1
Step 582 0.5820000000000004 0.001 1 5.581611117380542e-12 0 0 1
Step 583 0.5830000000000004 0.001 1 5.642740546800366e-12 0 0 1
Step 584 0.5840000000000004 0.001 1 5.698760219728027e-12 0 0 1
Step 585 0.5850000000000004 0.001 1 5.741735778670405e-12 0 0 1
Step 586 0.5860000000000004 0.001 1 5.80030850586193e-12 0 0 1
Step 587 0.5870000000000004 0.001 1 5.844201946413155e-12 0 0 1
Step 588 0.5880000000000004 0.001 1 5.894290049871551e-12 0 0 1
Step 589 0.5890000000000004 0.001 1 5.942280384093309e-12 0 0 1
Step 590 0.5900000000000004 0.001 1 5.975682205978321e-12 0 0 1
Step 591 0.5910000000000004 0.001 1 6.02962354467807e-12 0 0 1
Step 592 0.5920000000000004 0.001 1 6.067115065360519e-12 0 0 1
Step 593 0.5930000000000004 0.001 1 6.105307084368946e-12 0 0 1
Step 594 0.5940000000000004 0.001 1 6.140949121488373e-12 0 0 1
Step 595 0.5950000000000004 0.001 1 6.181004710667955e-12 0 0 1
Step 596 0.5960000000000004 0.001 1 6.212232286306494e-12 0 0 1
Step 597 0.5970000000000004 0.001 1 6.249630828516762e-12 0 0 1
Step 598 0.5980000000000004 0.001 1 6.27519125262704e-12 0 0 1
Step 599 0.5990000000000004 0.001 1 6.306520081015111e-12 0 0 1
Step 600 0.6000000000000004 0.001 1 6.33113346458454e-12 0 0 1
Step 601 0.6010000000000004 0.001 1 6.365556764822931e-12 0 0 1
Step 602 0.6020000000000004 0.001 1 6.379363465789971e-12 0 0 1
Step 603 0.6030000000000004 0.001 1 6.404058473681804e-12 0 0 1
Step 604 0.6040000000000004 0.001 1 6.430450752662443e-12 0 0 1
Step 605 0.6050000000000004 0.001 1 6.44230040082057e-12 0 0 1
Step 606 0.6060000000000004 0.001 1 6.462320128980419e-12 0 0 1
Step 607 0.6070000000000004 0.001 1 6.479580713161361e-12 0 0 1
Step 608 0.6080000000000004 0.001 1 6.486014674157218e-12 0 0 1
Step 609 0.6090000000000004 0.001 1 6.501272337441013e-12 0 0 1
Step 610 0.6100000000000004 0.001 1 6.516892127015013e-12 0 0 1
Step 611 0.6110000000000004 0.001 1 6.515647987338415e-12 0 0 1
Step 612 0.6120000000000004 0.001 1 6.527599976774961e-12 0 0 1
Step 613 0.6130000000000004 0.001 1 6.53225250319449e-12 0 0 1
Step 614 0.6140000000000004 0.001 1 6.532408835404429e-12 0 0 1
Step 615 0.6150000000000004 0.001 1 6.535138370836696e-12 0 0 1
Step 616 0.6160000000000004 0.001 1 6.533131231363859e-12 0 0 1
Step 617 0.6170000000000004 0.001 1 6.532983048436875e-12 0 0 1
Step 618 0.6180000000000004 0.001 1 6.525092801784411e-12 0 0 1
Step 619 0.6190000000000004 0.001 1 6.521942669417372e-12 0 0 1
Step 620 0.6200000000000004 0.001 1 6.516408708551354e-12 0 0 1
Step 621 0.6210000000000004 0.001 1 6.500196357449104e-12 0 0 1
Step 622 0.6220000000000004 0.001 1 6.496401205770269e-12 0 0 1
Step 623 0.6230000000000004 0.001 1 6.476103628827985e-12 0 0 1
Step 624 0.6240000000000004 0.001 1 6.468011934623514e-12 0 0 1
Step 625 0.6250000000000004 0.001 1 6.44791895350434e-12 0 0 1
Step 626 0.6260000000000004 0.001 1 6.430975843146117e-12 0 0 1
Step 627 0.6270000000000004 0.001 1 6.41030125256368e-12 0 0 1
Step 628 0.6280000000000004 0.001 1 6.388620745582051e-12 0 0 1
Step 629 0.6290000000000004 0.001 1 6.368766380365671e-12 0 0 1
Step 630 0.6300000000000004 0.001 1 6.338300244927937e-12 0 0 1
Step 631 0.6310000000000004 0.001 1 6.315660594278742e-12 0 0 1
Step 632 0.6320000000000005 0.001 1 6.288795848207865e-12 0 0 1
Step 633 0.6330000000000005 0.001 1 6.255755134591419e-12 0 0 1
Step 634 0.6340000000000005 0.001 1 6.226124428146918e-12 0 0 1
Step 635 0.6350000000000005 0.001 1 6.191778163576922e-12 0 0 1
Step 636 0.6360000000000005 0.001 1 6.158055840735045e-12 0 0 1
Step 637 0.6370000000000005 0.001 1 6.120699484898767e-12 0 0 1
Step 638 0.6380000000000005 0.001 1 6.085921463190272e-12 0 0 1
Step 639 0.6390000000000005 0.001 1 6.043091163049873e-12 0 0 1
Step 640 0.6400000000000005 0.001 1 6.003382705153776e-12 0 0 1
Step 641 0.6410000000000005 0.001 1 5.961727832375857e-12 0 0 1
Step 642 0.6420000000000005 0.001 1 5.91570260474068e-12 0 0 1
Step 643 0.6430000000000005 0.001 1 5.873936785433303e-12 0 0 1
Step 644 0.6440000000000005 0.001 1 5.822404845926902e-12 0 0 1
Step 645 0.6450000000000005 0.001 1 5.776986205849114e-12 0 0 1
Step 646 0.6460000000000005 0.001 1 5.728747274748451e-12 0 0 1
Step 647 0.6470000000000005 0.001 1 5.671541576652927e-12 0 0 1
Step 648 0.6480000000000005 0.001 1 5.624060704940439e-12 0 0 1
Step 649 0.6490000000000005 0.001 1 5.569077800008298e-12 0 0 1
Step 650 0.6500000000000005 0.001 1 5.5111669498866e-12 0 0 1
Step 651 0.6510000000000005 0.001 1 5.454953419081634e-12 0 0 1
Step 652 0.6520000000000005 0.001 1 5.397677293323398e-12 0 0 1
Step 653 0.6530000000000005 0.001 1 5.337034930020397e-12 0 0 1
Step 654 0.6540000000000005 0.001 1 5.277727950646853e-12 0 0 1
Step 655 0.6550000000000005 0.001 1 5.212888928596644e-12 0 0 1
Step 656 0.6560000000000005 0.001 1 5.153030442911089e-12 0 0 1
Step 657 0.6570000000000005 0.001 1 5.08484531708734e-12 0 0 1
Step 658 0.6580000000000005 0.001 1 5.022442431786891e-12 0 0 1
Step 659 0.6590000000000005 0.001 1 4.951011605501939e-12 0 0 1
Step 660 0.6600000000000005 0.001 1 4.886289091053658e-12 0 0 1
Step 661 0.6610000000000005 0.001 1 4.814623629220767e-12 0 0 1
Step 662 0.6620000000000005 0.001 1 4.745761826381969e-12 0 0 1
Step 663 0.6630000000000005 0.001 1 4.674146223877472e-12 0 0 1
Step 664 0.6640000000000005 0.001 1 4.598837327840858e-12 0 0 1
Step 665 0.6650000000000005 0.001 1 4.527039205665501e-12 0 0 1
Step 666 0.6660000000000005 0.001 1 4.451090747927555e-12 0 0 1
Step 667 0.6670000000000005 0.001 1 4.377312852541103e-12 0 0 1
Step 668 0.6680000000000005 0.001 1 4.298440363881495e-12 0 0 1
Step 669 0.6690000000000005 0.001 1 4.220567399821493e-12 0 0 1
Step 670 0.6700000000000005 0.001 1 4.141886312433713e-12 0 0 1
Step 671 0.6710000000000005 0.001 1 4.064557736781983e-12 0 0 1
Step 672 0.6720000000000005 0.001 1 3.982279993422342e-12 0 0 1
Step 673 0.6730000000000005 0.001 1 3.899809701063724e-12 0 0 1
Step 674 0.6740000000000005 0.001 1 3.819475926115291e-12 0 0 1
Step 675 0.6750000000000005 0.001 1 3.737259673974744e-12 0 0 1
Step 676 0.6760000000000005 0.001 1 3.650595315217777e-12 0 0 1
Step 677 0.6770000000000005 0.001 1 3.569037826770982e-12 0 0 1
Step 678 0.6780000000000005 0.001 1 3.484637536077383e-12 0 0 1
Step 679 0.6790000000000005 0.001 1 3.396409271966219e-12 0 0 1
Step 680 0.6800000000000005 0.001 1 3.313935212745274e-12 0 0 1
Step 681 0.6810000000000005 0.001 1 3.225567937190273e-12 0 0 1
Step 682 0.6820000000000005 0.001 1 3.139373757725045e-12 0 0 1
Step 683 0.6830000000000005 0.001 1 3.050634377649104e-12 0 0 1
Step 684 0.6840000000000005 0.001 1 2.965138127303737e-12 0 0 1
Step 685 0.6850000000000005 0.001 1 2.874491317177103e-12 0 0 1
Step 686 0.6860000000000005 0.001 1 2.787342610161205e-12 0 0 1
Step 687 0.6870000000000005 0.001 1 2.700021454202972e-12 0 0 1
Step 688 0.6880000000000005 0.001 1 2.61164767845818e-12 0 0 1
Step 689 0.6890000000000005 0.001 1 2.524333701278548e-12 0 0 1
Step 690 0.6900000000000005 0.001 1 2.434059079429469e-12 0 0 1
Step 691 0.6910000000000005 0.001 1 2.347874726259231e-12 0 0 1
Step 692 0.6920000000000005 0.001 1 2.261191923797121e-12 0 0 1
Step 693 0.6930000000000005 0.001 1 2.173499575244067e-12 0 0 1
Step 694 0.6940000000000005 0.001 1 2.08735697546362e-12 0 0 1
Step 695 0.6950000000000005 0.001 1 2.002075364929092e-12 0 0 1
Step 696 0.6960000000000005 0.001 1 1.917619585968476e-12 0 0 1
Step 697 0.6970000000000005 0.001 1 1.834754839959413e-12 0 0 1
Step 698 0.6980000000000005 0.001 1 1.751988861401043e-12 0 0 1
Step 699 0.6990000000000005 0.001 1 1.674983281233552e-12 0 0 1
Step 700 0.7000000000000005 0.001 1 1.596488502661338e-12 0 0 1
Step 701 0.7010000000000005 0.001 1 1.524202147011334e-12 0 0 1
Step 702 0.7020000000000005 0.001 1 1.451652402349429e-12 0 0 1
Step 703 0.7030000000000005 0.001 1 1.384944925596405e-12 0 0 1
Step 704 0.7040000000000005 0.001 1 1.323257684412749e-12 0 0 1
Step 705 0.7050000000000005 0.001 1 1.265723022745051e-12 0 0 1
Step 706 0.7060000000000005 0.001 1 1.209627665029904e-12 0 0 1
Step 707 0.7070000000000005 0.001 1 1.1674558374529e-12 0 0 1
Step 708 0.7080000000000005 0.001 1 1.132057654979876e-12 0 0 1
Step 709 0.7090000000000005 0.001 1 1.101627715210142e-12 0 0 1
Step 710 0.7100000000000005 0.001 1 1.081865251881285e-12 0 0 1
Step 711 0.7110000000000005 0.001 1 1.071967822738043e-12 0 0 1
Step 712 0.7120000000000005 0.001 1 1.072255477498641e-12 0 0 1
Step 713 0.7130000000000005 0.001 1 1.080245248382105e-12 0 0 1
Step 714 0.7140000000000005 0.001 1 1.105488943515355e-12 0 0 1
Step 715 0.7150000000000005 0.001 1 1.13274624840931e-12 0 0 1
Step 716 0.7160000000000005 0.001 1 1.168694521815095e-12 0 0 1
Step 717 0.7170000000000005 0.001 1 1.216910321731482e-12 0 0 1
Step 718 0.7180000000000005 0.001 1 1.267821078261981e-12 0 0 1
Step 719 0.7190000000000005 0.001 1 1.326594786453985e-12 0 0 1
Step 720 0.7200000000000005 0.001 1 1.386943409409228e-12 0 0 1
Step 721 0.7210000000000005 0.001 1 1.457520183096509e-12 0 0 1
Step 722 0.7220000000000005 0.001 1 1.525470316979218e-12 0 0 1
Step 723 0.7230000000000005 0.001 1 1.602166246089022e-12 0 0 1
Step 724 0.7240000000000005 0.001 1 1.679221276271818e-12 0 0 1
Step 725 0.7250000000000005 0.001 1 1.756465813852434e-12 0 0 1
Step 726 0.7260000000000005 0.001 1 1.83974958285215e-12 0 0 1
Step 727 0.7270000000000005 0.001 1 1.922362792971332e-12 0 0 1
Step 728 0.7280000000000005 0.001 1 2.00709358224549e-12 0 0 1
Step 729 0.7290000000000005 0.001 1 2.090763337782314e-12 0 0 1
Step 730 0.7300000000000005 0.001 1 2.177457623484295e-12 0 0 1
Step 731 0.7310000000000005 0.001 1 2.26646744051413e-12 0 0 1
Step 732 0.7320000000000005 0.001 1 2.352713756082565e-12 0 0 1
Step 733 0.7330000000000005 0.001 1 2.440539569683447e-12 0 0 1
Step 734 0.7340000000000005 0.001 1 2.529990860138414e-12 0 0 1
Step 735 0.7350000000000005 0.001 1 2.616348205564314e-12 0 0 1
Step 736 0.7360000000000005 0.001 1 2.703421180046898e-12 0 0 1
Step 737 0.7370000000000005 0.001 1 2.793237337654265e-12 0 0 1
Step 738 0.7380000000000005 0.001 1 2.880630883376699e-12 0 0 1
Step 739 0.7390000000000005 0.001 1 2.96809867417343e-12 0 0 1
Step 740 0.7400000000000005 0.001 1 3.057275971048453e-12 0 0 1
Step 741 0.7410000000000005 0.001 1 3.142741724990997e-12 0 0 1
Step 742 0.7420000000000005 0.001 1 3.230815933586271e-12 0 0 1
Step 743 0.7430000000000005 0.001 1 3.317580193312645e-12 0 0 1
Step 744 0.7440000000000005 0.001 1 3.402859813907421e-12 0 0 1
Step 745 0.7450000000000006 0.001 1 3.489684918501901e-12 0 0 1
Step 746 0.7460000000000006 0.001 1 3.5733234353907e-12 0 0 1
Step 747 0.7470000000000006 0.001 1 3.65680680170516e-12 0 0 1
Step 748 0.7480000000000006 0.001 1 3.741361348608663e-12 0 0 1
Step 749 0.7490000000000006 0.001 1 3.822495175679689e-12 0 0 1
Step 750 0.7500000000000006 0.001 1 3.905439781747085e-12 0 0 1
Step 751 0.7510000000000006 0.001 1 3.986067653292408e-12 0 0 1
Step 752 0.7520000000000006 0.001 1 4.067738690746512e-12 0 0 1
Step 753 0.7530000000000006 0.001 1 4.146165449134589e-12 0 0 1
Step 754 0.7540000000000006 0.001 1 4.225784437123098e-12 0 0 1
Step 755 0.7550000000000006 0.001 1 4.303825911456506e-12 0 0 1
Step 756 0.7560000000000006 0.001 1 4.379527682935456e-12 0 0 1
Step 757 0.7570000000000006 0.001 1 4.45518184164232e-12 0 0 1
Step 758 0.7580000000000006 0.001 1 4.533489452159891e-12 0 0 1
Step 759 0.7590000000000006 0.001 1 4.603023700141368e-12 0 0 1
Step 760 0.7600000000000006 0.001 1 4.676809458161355e-12 0 0 1
Step 761 0.7610000000000006 0.001 1 4.749460767030317e-12 0 0 1
Step 762 0.7620000000000006 0.001 1 4.81835465514882e-12 0 0 1
Step 763 0.7630000000000006 0.001 1 4.889282419064457e-12 0 0 1
Step 764 0.7640000000000006 0.001 1 4.958159966312306e-12 0 0 1
Step 765 0.7650000000000006 0.001 1 5.022628859670692e-12 0 0 1
Step 766 0.7660000000000006 0.001 1 5.090773696587393e-12 0 0 1
Step 767 0.7670000000000006 0.001 1 5.154692503186266e-12 0 0 1
Step 768 0.7680000000000006 0.001 1 5.217655568767356e-12 0 0 1
Step 769 0.7690000000000006 0.001 1 5.280126943683557e-12 0 0 1
Step 770 0.7700000000000006 0.001 1 5.34154403504286e-12 0 0 1
Step 771 0.7710000000000006 0.001 1 5.400579702644964e-12 0 0 1
Step 772 0.7720000000000006 0.001 1 5.457146012314004e-12 0 0 1
Step 773 0.7730000000000006 0.001 1 5.517503332885076e-12 0 0 1
Step 774 0.7740000000000006 0.001 1 5.571002705041487e-12 0 0 1
Step 775 0.7750000000000006 0.001 1 5.625124889893973e-12 0 0 1
Step 776 0.7760000000000006 0.001 1 5.677383363262407e-12 0 0 1
Step 777 0.7770000000000006 0.001 1 5.731774274092892e-12 0 0 1
Step 778 0.7780000000000006 0.001 1 5.775832273518392e-12 0 0 1
Step 779 0.7790000000000006 0.001 1 5.827621493071417e-12 0 0 1
Step 780 0.7800000000000006 0.001 1 5.87398111890083e-12 0 0 1
Step 781 0.7810000000000006 0.001 1 5.921606153902265e-12 0 0 1
Step 782 0.7820000000000006 0.001 1 5.96084663893947e-12 0 0 1
Step 783 0.7830000000000006 0.001 1 6.006850034649538e-12 0 0 1
Step 784 0.7840000000000006 0.001 1 6.048469799506309e-12 0 0 1
Step 785 0.7850000000000006 0.001 1 6.083458008287869e-12 0 0 1
Step 786 0.7860000000000006 0.001 1 6.125818255359191e-12 0 0 1
Step 787 0.7870000000000006 0.001 1 6.157930667082404e-12 0 0 1
Step 788 0.7880000000000006 0.001 1 6.194741734662683e-12 0 0 1
Step 789 0.7890000000000006 0.001 1 6.229121304214955e-12 0 0 1
Step 790 0.7900000000000006 0.001 1 6.256740977915218e-12 0 0 1
Step 791 0.7910000000000006 0.001 1 6.289623566660548e-12 0 0 1
Step 792 0.7920000000000006 0.001 1 6.315429414532269e-12 0 0 1
Step 793 0.7930000000000006 0.001 1 6.342644774671507e-12 0 0 1
Step 794 0.7940000000000006 0.001 1 6.368685384331023e-12 0 0 1
Step 795 0.7950000000000006 0.001 1 6.391661074687342e-12 0 0 1
Step 796 0.7960000000000006 0.001 1 6.408508774202966e-12 0 0 1
Step 797 0.7970000000000006 0.001 1 6.433180529560665e-12 0 0 1
Step 798 0.7980000000000006 0.001 1 6.450303467337763e-12 0 0 1
Step 799 0.7990000000000006 0.001 1 6.466298250853786e-12 0 0 1
Step 800 0.8000000000000006 0.001 1 6.47992582676069e-12 0 0 1
Step 801 0.8010000000000006 0.001 1 6.491429901506501e-12 0 0 1
Step 802 0.8020000000000006 0.001 1 6.507561491274688e-12 0 0 1
Step 803 0.8030000000000006 0.001 1 6.511135165121896e-12 0 0 1
Step 804 0.8040000000000006 0.001 1 6.523895476221326e-12 0 0 1
Step 805 0.8050000000000006 0.001 1 6.52690235643769e-12 0 0 1
Step 806 0.8060000000000006 0.001 1 6.530929937881004e-12 0 0 1
Step 807 0.8070000000000006 0.001 1 6.535265339998753e-12 0 0 1
Step 808 0.8080000000000006 0.001 1 6.533590202394185e-12 0 0 1
Step 809 0.8090000000000006 0.001 1 6.532285659250426e-12 0 0 1
Step 810 0.8100000000000006 0.001 1 6.53292102876835e-12 0 0 1
Step 811 0.8110000000000006 0.001 1 6.525321861612051e-12 0 0 1
Step 812 0.8120000000000006 0.001 1 6.517798638540143e-12 0 0 1
Step 813 0.8130000000000006 0.001 1 6.513668255413555e-12 0 0 1
Step 814 0.8140000000000006 0.001 1 6.499650378886356e-12 0 0 1
Step 815 0.8150000000000006 0.001 1 6.489666850106831e-12 0 0 1
Step 816 0.8160000000000006 0.001 1 6.477830671908512e-12 0 0 1
Step 817 0.8170000000000006 0.001 1 6.458934177587728e-12 0 0 1
Step 818 0.8180000000000006 0.001 1 6.446112361298434e-12 0 0 1
Step 819 0.8190000000000006 0.001 1 6.422215530836199e-12 0 0 1
Step 820 0.8200000000000006 0.001 1 6.405268222164699e-12 0 0 1
Step 821 0.8210000000000006 0.001 1 6.382864342418968e-12 0 0 1
Step 822 0.8220000000000006 0.001 1 6.359012842096243e-12 0 0 1
Step 823 0.8230000000000006 0.001 1 6.327321695650455e-12 0 0 1
Step 824 0.8240000000000006 0.001 1 6.310405640111189e-12 0 0 1
Step 825 0.8250000000000006 0.001 1 6.271500999984803e-12 0 0 1
Step 826 0.8260000000000006 0.001 1 6.244904614860103e-12 0 0 1
Step 827 0.8270000000000006 0.001 1 6.210881545633709e-12 0 0 1
Step 828 0.8280000000000006 0.001 1 6.180481577557361e-12 0 0 1
Step 829 0.8290000000000006 0.001 1 6.138286019532346e-12 0 0 1
Step 830 0.8300000000000006 0.001 1 6.105000835002123e-12 0 0 1
Step 831 0.8310000000000006 0.001 1 6.06366155418156e-12 0 0 1
Step 832 0.8320000000000006 0.001 1 6.021785116478703e-12 0 0 1
Step 833 0.8330000000000006 0.001 1 5.982346125818252e-12 0 0 1
Step 834 0.8340000000000006 0.001 1 5.936015302171808e-12 0 0 1
Step 835 0.8350000000000006 0.001 1 5.889023261950333e-12 0 0 1
Step 836 0.8360000000000006 0.001 1 5.843115647944763e-12 0 0 1
Step 837 0.8370000000000006 0.001 1 5.793364967516596e-12 0 0 1
Step 838 0.8380000000000006 0.001 1 5.746699559662795e-12 0 0 1
Step 839 0.8390000000000006 0.001 1 5.688015612519369e-12 0 0 1
Step 840 0.8400000000000006 0.001 1 5.641208065395396e-12 0 0 1
Step 841 0.8410000000000006 0.001 1 5.583777133880126e-12 0 0 1
Step 842 0.8420000000000006 0.001 1 5.526305610599839e-12 0 0 1
Step 843 0.8430000000000006 0.001 1 5.471731029546719e-12 0 0 1
Step 844 0.8440000000000006 0.001 1 5.409441515730493e-12 0 0 1
Step 845 0.8450000000000006 0.001 1 5.350002130822079e-12 0 0 1
Step 846 0.8460000000000006 0.001 1 5.291631514946657e-12 0 0 1
Step 847 0.8470000000000006 0.001 1 5.225932660383201e-12 0 0 1
Step 848 0.8480000000000006 0.001 1 5.160306586458334e-12 0 0 1
Step 849 0.8490000000000006 0.001 1 5.101584421837797e-12 0 0 1
Step 850 0.8500000000000006 0.001 1 5.031418804132157e-12 0 0 1
Step 851 0.8510000000000006 0.001 1 4.961925779941423e-12 0 0 1
Step 852 0.8520000000000006 0.001 1 4.900119229158426e-12 0 0 1
Step 853 0.8530000000000006 0.001 1 4.826841723185366e-12 0 0 1
Step 854 0.8540000000000006 0.001 1 4.763452507732381e-12 0 0 1
Step 855 0.8550000000000006 0.001 1 4.686484950778877e-12 0 0 1
Step 856 0.8560000000000006 0.001 1 4.616584162059608e-12 0 0 1
Step 857 0.8570000000000007 0.001 1 4.55158071381906e-12 0 0 1
Step 858 0.8580000000000007 0.001 1 4.472840539560466e-12 0 0 1
Step 859 0.8590000000000007 0.001 1 4.40643959902401e-12 0 0 1
Step 860 0.8600000000000007 0.001 1 4.331184045461683e-12 0 0 1
Step 861 0.8610000000000007 0.001 1 4.260587458778294e-12 0 0 1
Step 862 0.8620000000000007 0.001 1 4.188192009536489e-12 0 0 1
Step 863 0.8630000000000007 0.001 1 4.116248995110217e-12 0 0 1
Step 864 0.8640000000000007 0.001 1 4.04612792188199e-12 0 0 1
Step 865 0.8650000000000007 0.001 1 3.974426126185674e-12 0 0 1
Step 866 0.8660000000000007 0.001 1 3.905900084452725e-12 0 0 1
Step 867 0.8670000000000007 0.001 1 3.835813095158363e-12 0 0 1
Step 868 0.8680000000000007 0.001 1 3.766291188862508e-12 0 0 1
Step 869 0.8690000000000007 0.001 1 3.703890867718646e-12 0 0 1
Step 870 0.8700000000000007 0.001 1 3.637339098290503e-12 0 0 1
Step 871 0.8710000000000007 0.001 1 3.575175511126863e-12 0 0 1
Step 872 0.8720000000000007 0.001 1 3.512982232621338e-12 0 0 1
Step 873 0.8730000000000007 0.001 1 3.459463685626789e-12 0 0 1
Step 874 0.8740000000000007 0.001 1 3.401632199093597e-12 0 0 1
Step 875 0.8750000000000007 0.001 1 3.347894982819326e-12 0 0 1
Step 876 0.8760000000000007 0.001 1 3.304367287040827e-12 0 0 1
Step 877 0.8770000000000007 0.001 1 3.255882815443266e-12 0 0 1
Step 878 0.8780000000000007 0.001 1 3.218234748969011e-12 0 0 1
Step 879 0.8790000000000007 0.001 1 3.18308418654559e-12 0 0 1
Step 880 0.8800000000000007 0.001 1 3.146958176382918e-12 0 0 1
Step 881 0.8810000000000007 0.001 1 3.127956575383998e-12 0 0 1
Step 882 0.8820000000000007 0.001 1 3.105234503083434e-12 0 0 1
Step 883 0.8830000000000007 0.001 1 3.091722149856288e-12 0 0 1
Step 884 0.8840000000000007 0.001 1 3.082984350976579e-12 0 0 1
Step 885 0.8850000000000007 0.001 1 3.082945048247867e-12 0 0 1
Step 886 0.8860000000000007 0.001 1 3.087968424731494e-12 0 0 1
Step 887 0.8870000000000007 0.001 1 3.099227517707892e-12 0 0 1
Step 888 0.8880000000000007 0.001 1 3.118592871080667e-12 0 0 1
Step 889 0.8890000000000007 0.001 1 3.144499083129608e-12 0 0 1
Step 890 0.8900000000000007 0.001 1 3.176923523677452e-12 0 0 1
Step 891 0.8910000000000007 0.001 1 3.217071525325594e-12 0 0 1
Step 892 0.8920000000000007 0.001 1 3.263124994666431e-12 0 0 1
Step 893 0.8930000000000007 0.001 1 3.317005133076472e-12 0 0 1
Step 894 0.8940000000000007 0.001 1 3.375596685798796e-12 0 0 1
Step 895 0.8950000000000007 0.001 1 3.444416194817662e-12 0 0 1
Step 896 0.8960000000000007 0.001 1 3.514187899116043e-12 0 0 1
Step 897 0.8970000000000007 0.001 1 3.591994686828616e-12 0 0 1
Step 898 0.8980000000000007 0.001 1 3.678773609694605e-12 0 0 1
Step 899 0.8990000000000007 0.001 1 3.766093983158746e-12 0 0 1
Step 900 0.9000000000000007 0.001 1 3.859785570260488e-12 0 0 1
Step 901 0.9010000000000007 0.001 1 3.962899005133645e-12 0 0 1
Step 902 0.9020000000000007 0.001 1 4.06572796703942e-12 0 0 1
Step 903 0.9030000000000007 0.001 1 4.171682371231093e-12 0 0 1
Step 904 0.9040000000000007 0.001 1 4.286170076231373e-12 0 0 1
Step 905 0.9050000000000007 0.001 1 4.405804257647489e-12 0 0 1
Step 906 0.9060000000000007 0.001 1 4.52284740279148e-12 0 0 1
Step 907 0.9070000000000007 0.001 1 4.64753885923885e-12 0 0 1
Step 908 0.9080000000000007 0.001 1 4.774624376400571e-12 0 0 1
Step 909 0.9090000000000007 0.001 1 4.909369496788375e-12 0 0 1
Step 910 0.9100000000000007 0.001 1 5.036609181500965e-12 0 0 1
Step 911 0.9110000000000007 0.001 1 5.176982831681725e-12 0 0 1
Step 912 0.9120000000000007 0.001 1 5.319133149164866e-12 0 0 1
Step 913 0.9130000000000007 0.001 1 5.454211086339367e-12 0 0 1
Step 914 0.9140000000000007 0.001 1 5.598072301611113e-12 0 0 1
Step 915 0.9150000000000007 0.001 1 5.753272252364159e-12 0 0 1
Step 916 0.9160000000000007 0.001 1 5.891149769274086e-12 0 0 1
Step 917 0.9170000000000007 0.001 1 6.049984533631369e-12 0 0 1
Step 918 0.9180000000000007 0.001 1 6.196588426879097e-12 0 0 1
Step 919 0.9190000000000007 0.001 1 6.350928789652739e-12 0 0 1
Step 920 0.9200000000000007 0.001 1 6.511952163611875e-12 0 0 1
Step 921 0.9210000000000007 0.001 1 6.659841997332252e-12 0 0 1
Step 922 0.9220000000000007 0.001 1 6.828800331902004e-12 0 0 1
Step 923 0.9230000000000007 0.001 1 6.984513233450517e-12 0 0 1
Step 924 0.9240000000000007 0.001 1 7.141434784053875e-12 0 0 1
Step 925 0.9250000000000007 0.001 1 7.314581913047237e-12 0 0 1
Step 926 0.9260000000000007 0.001 1 7.47110016085996e-12 0 0 1
Step 927 0.9270000000000007 0.001 1 7.633664710392194e-12 0 0 1
Step 928 0.9280000000000007 0.001 1 7.807414090891536e-12 0 0 1
Step 929 0.9290000000000007 0.001 1 7.974914254545583e-12 0 0 1
Step 930 0.9300000000000007 0.001 1 8.132863129760319e-12 0 0 1
Step 931 0.9310000000000007 0.001 1 8.312021949090457e-12 0 0 1
Step 932 0.9320000000000007 0.001 1 8.481584748462756e-12 0 0 1
Step 933 0.9330000000000007 0.001 1 8.643231306391744e-12 0 0 1
Step 934 0.9340000000000007 0.001 1 8.823388664675156e-12 0 0 1
Step 935 0.9350000000000007 0.001 1 8.994410310344707e-12 0 0 1
Step 936 0.9360000000000007 0.001 1 9.160502499185842e-12 0 0 1
Step 937 0.9370000000000007 0.001 1 9.339240686421555e-12 0 0 1
Step 938 0.9380000000000007 0.001 1 9.510681272125878e-12 0 0 1
Step 939 0.9390000000000007 0.001 1 9.685147072191108e-12 0 0 1
Step 940 0.9400000000000007 0.001 1 9.856787177139318e-12 0 0 1
Step 941 0.9410000000000007 0.001 1 1.003786150438755e-11 0 0 1
Step 942 0.9420000000000007 0.001 1 1.020729469835923e-11 0 0 1
Step 943 0.9430000000000007 0.001 1 1.038360926152751e-11 0 0 1
Step 944 0.9440000000000007 0.001 1 1.055807974979153e-11 0 0 1
Step 945 0.9450000000000007 0.001 1 1.073937530400788e-11 0 0 1
Step 946 0.9460000000000007 0.001 1 1.090886396493837e-11 0 0 1
Step 947 0.9470000000000007 0.001 1 1.108884461048827e-11 0 0 1
Step 948 0.9480000000000007 0.001 1 1.125992491874411e-11 0 0 1
Step 949 0.9490000000000007 0.001 1 1.143970542594135e-11 0 0 1
Step 950 0.9500000000000007 0.001 1 1.161681183113919e-11 0 0 1
Step 951 0.9510000000000007 0.001 1 1.178769161971842e-11 0 0 1
Step 952 0.9520000000000007 0.001 1 1.196927542603652e-11 0 0 1
Step 953 0.9530000000000007 0.001 1 1.214438969457413e-11 0 0 1
Step 954 0.9540000000000007 0.001 1 1.231124635957619e-11 0 0 1
Step 955 0.9550000000000007 0.001 1 1.250057706853626e-11 0 0 1
Step 956 0.9560000000000007 0.001 1 1.266713398601552e-11 0 0 1
Step 957 0.9570000000000007 0.001 1 1.284043124140212e-11 0 0 1
Step 958 0.9580000000000007 0.001 1 1.302094757031904e-11 0 0 1
Step 959 0.9590000000000007 0.001 1 1.318892917250436e-11 0 0 1
Step 960 0.9600000000000007 0.001 1 1.337297736127774e-11 0 0 1
Step 961 0.9610000000000007 0.001 1 1.35365754477419e-11 0 0 1
Step 962 0.9620000000000007 0.001 1 1.371142481334398e-11 0 0 1
Step 963 0.9630000000000007 0.001 1 1.388880364864523e-11 0 0 1
Step 964 0.9640000000000007 0.001 1 1.405750050455461e-11 0 0 1
Step 965 0.9650000000000007 0.001 1 1.422961998035221e-11 0 0 1
Step 966 0.9660000000000007 0.001 1 1.43968816258014e-11 0 0 1
Step 967 0.9670000000000007 0.001 1 1.457742673704052e-11 0 0 1
Step 968 0.9680000000000007 0.001 1 1.473624802444197e-11 0 0 1
Step 969 0.9690000000000007 0.001 1 1.490611638007822e-11 0 0 1
Step 970 0.9700000000000008 0.001 1 1.508695737208782e-11 0 0 1
Step 971 0.9710000000000008 0.001 1 1.523866116054701e-11 0 0 1
Step 972 0.9720000000000008 0.001 1 1.541644566486861e-11 0 0 1
Step 973 0.9730000000000008 0.001 1 1.557883197482303e-11 0 0 1
Step 974 0.9740000000000008 0.001 1 1.574752343428345e-11 0 0 1
Step 975 0.9750000000000008 0.001 1 1.59036136787616e-11 0 0 1
Step 976 0.9760000000000008 0.001 1 1.607711200389541e-11 0 0 1
Step 977 0.9770000000000008 0.001 1 1.623613775457176e-11 0 0 1
Step 978 0.9780000000000008 0.001 1 1.639505393581399e-11 0 0 1
Step 979 0.9790000000000008 0.001 1 1.655866567970772e-11 0 0 1
Step 980 0.9800000000000008 0.001 1 1.671891212850873e-11 0 0 1
Step 981 0.9810000000000008 0.001 1 1.687847632928649e-11 0 0 1
Step 982 0.9820000000000008 0.001 1 1.704155302515187e-11 0 0 1
Step 983 0.9830000000000008 0.001 1 1.718135424649738e-11 0 0 1
Step 984 0.9840000000000008 0.001 1 1.735589821143279e-11 0 0 1
Step 985 0.9850000000000008 0.001 1 1.75016109393325e-11 0 0 1
Step 986 0.9860000000000008 0.001 1 1.765323876538558e-11 0 0 1
Step 987 0.9870000000000008 0.001 1 1.781527947460709e-11 0 0 1
Step 988 0.9880000000000008 0.001 1 1.79575937258493e-11 0 0 1
Step 989 0.9890000000000008 0.001 1 1.810803734839176e-11 0 0 1
Step 990 0.9900000000000008 0.001 1 1.825553466073615e-11 0 0 1
Step 991 0.9910000000000008 0.001 1 1.841330849782168e-11 0 0 1
Step 992 0.9920000000000008 0.001 1 1.855081126515664e-11 0 0 1
Step 993 0.9930000000000008 0.001 1 1.869405900386155e-11 0 0 1
Step 994 0.9940000000000008 0.001 1 1.884145624648147e-11 0 0 1
Step 995 0.9950000000000008 0.001 1 1.898552971709176e-11 0 0 1
Step 996 0.9960000000000008 0.001 1 1.911944717265693e-11 0 0 1
Step 997 0.9970000000000008 0.001 1 1.926502056078763e-11 0 0 1
Step 998 0.9980000000000008 0.001 1 1.940478076417313e-11 0 0 1
Step 999 0.9990000000000008 0.001 1 1.953227998617384e-11 0 0 1
Step 1000 1.000000000000001 0.001 1 1.967482783790206e-11 0 0 1
