# Derivatives solution step at time 0 performed in 1 iterations with 2.5e-07 error
# Key for lines starting with "Step":
# Step Time TStep NIter ResErr SolErr SolConv Out
Step 0 0 0 1 2.5e-07 0 0 1
Step 1 0.01 0.01 6 8.2931e-07 0 0 1
Step 2 0.02 0.01 6 3.472036210532538e-07 0 0 1
Step 3 0.03 0.01 7 6.877132175443777e-08 0 0 1
Step 4 0.04 0.01 7 7.958811511374208e-08 0 0 1
Step 5 0.05 0.01 7 7.891667695217333e-08 0 0 1
Step 6 0.06 0.01 7 7.462700873575542e-08 0 0 1
Step 7 0.07000000000000001 0.01 7 6.939318178590595e-08 0 0 1
Step 8 0.08 0.01 6 9.4900890633431e-07 0 0 1
Step 9 0.09 0.01 6 8.743520086118741e-07 0 0 1
Step 10 0.09999999999999999 0.01 6 8.044206314433556e-07 0 0 1
Step 11 0.11 0.01 6 7.393718580980495e-07 0 0 1
Step 12 0.12 0.01 6 6.790269754929065e-07 0 0 1
Step 13 0.13 0.01 6 6.231085317285761e-07 0 0 1
Step 14 0.14 0.01 6 5.713204640111462e-07 0 0 1
Step 15 0.15 0.01 6 5.233744864384771e-07 0 0 1
Step 16 0.16 0.01 6 4.789981511097724e-07 0 0 1
Step 17 0.17 0.01 6 4.379366937598688e-07 0 0 1
Step 18 0.18 0.01 6 3.999527983929931e-07 0 0 1
Step 19 0.19 0.01 6 3.648257184290917e-07 0 0 1
Step 20 0.2 0.01 6 3.323502406439249e-07 0 0 1
Step 21 0.21 0.01 6 3.023356300129607e-07 0 0 1
Step 22 0.2200000000000001 0.01 6 2.746046242928734e-07 0 0 1
Step 23 0.2300000000000001 0.01 6 2.489924912201525e-07 0 0 1
Step 24 0.2400000000000001 0.01 6 2.25346167421891e-07 0 0 1
Step 25 0.2500000000000001 0.01 6 2.03523419086996e-07 0 0 1
Step 26 0.2600000000000001 0.01 6 1.833920834616446e-07 0 0 1
Step 27 0.2700000000000001 0.01 6 1.648293760700425e-07 0 0 1
Step 28 0.2800000000000001 0.01 6 1.477212174748575e-07 0 0 1
Step 29 0.2900000000000001 0.01 6 1.319616204341786e-07 0 0 1
Step 30 0.3000000000000001 0.01 6 1.174521347897725e-07 0 0 1
Step 31 0.3100000000000001 0.01 6 1.041013074544648e-07 0 0 1
Step 32 0.3200000000000001 0.01 6 9.18241832560166e-08 0 0 1
Step 33 0.3300000000000001 0.01 6 8.054185462989755e-08 0 0 1
Step 34 0.3400000000000001 0.01 6 7.018104151178035e-08 0 0 1
Step 35 0.3500000000000001 0.01 5 8.981303654898737e-07 0 0 1
Step 36 0.3600000000000002 0.01 5 7.690962545912223e-07 0 0 1
Step 37 0.3700000000000002 0.01 5 6.508880764098162e-07 0 0 1
Step 38 0.3800000000000002 0.01 5 5.427032301193315e-07 0 0 1
Step 39 0.3900000000000002 0.01 5 4.437931268112571e-07 0 0 1
Step 40 0.4000000000000002 0.01 5 3.53462331514265e-07 0 0 1
Step 41 0.4100000000000002 0.01 5 2.71065364863007e-07 0 0 1
Step 42 0.4200000000000002 0.01 5 1.960032205498738e-07 0 0 1
Step 43 0.4300000000000002 0.01 5 1.277200417605467e-07 0 0 1
Step 44 0.4400000000000002 0.01 4 9.72533643809683e-07 0 0 1
Step 45 0.4500000000000002 0.01 4 1.40074913562075e-07 0 0 1
Step 46 0.4600000000000002 0.01 4 6.132549236648936e-07 0 0 1
Step 47 0.4700000000000003 0.01 5 8.739347049961904e-08 0 0 1
Step 48 0.4800000000000003 0.01 5 1.288155523467231e-07 0 0 1
Step 49 0.4900000000000003 0.01 5 1.660426120666837e-07 0 0 1
Step 50 0.5000000000000002 0.01 5 1.994053238857771e-07 0 0 1
Step 51 0.5100000000000002 0.01 5 2.292086812339013e-07 0 0 1
Step 52 0.5200000000000002 0.01 5 2.557350805007463e-07 0 0 1
Step 53 0.5300000000000002 0.01 5 2.792461835462259e-07 0 0 1
Step 54 0.5400000000000003 0.01 5 2.99984471125062e-07 0 0 1
Step 55 0.5500000000000003 0.01 5 3.181746089052542e-07 0 0 1
Step 56 0.5600000000000003 0.01 5 3.340247282218712e-07 0 0 1
Step 57 0.5700000000000003 0.01 5 3.477275815972567e-07 0 0 1
Step 58 0.5800000000000003 0.01 5 3.594616502998335e-07 0 0 1
Step 59 0.5900000000000003 0.01 5 3.693921728549172e-07 0 0 1
Step 60 0.6000000000000003 0.01 5 3.776720651977462e-07 0 0 1
Step 61 0.6100000000000003 0.01 5 3.844428319448087e-07 0 0 1
Step 62 0.6200000000000003 0.01 5 3.898353666426376e-07 0 0 1
Step 63 0.6300000000000003 0.01 5 3.939707182661018e-07 0 0 1
Step 64 0.6400000000000003 0.01 5 3.9696079820847e-07 0 0 1
Step 65 0.6500000000000004 0.01 5 3.989090393099824e-07 0 0 1
Step 66 0.6600000000000004 0.01 5 3.999110007075204e-07 0 0 1
Step 67 0.6700000000000004 0.01 5 4.000549460387859e-07 0 0 1
Step 68 0.6800000000000004 0.01 5 3.99422357697849e-07 0 0 1
Step 69 0.6900000000000004 0.01 5 3.980884430968305e-07 0 0 1
Step 70 0.7000000000000004 0.01 5 3.961225698735099e-07 0 0 1
Step 71 0.7100000000000004 0.01 5 3.935887090924044e-07 0 0 1
Step 72 0.7200000000000004 0.01 5 3.905458118325243e-07 0 0 1
Step 73 0.7300000000000004 0.01 5 3.870481902159898e-07 0 0 1
Step 74 0.7400000000000004 0.01 5 3.831458424814003e-07 0 0 1
Step 75 0.7500000000000004 0.01 5 3.788847753926742e-07 0 0 1
Step 76 0.7600000000000005 0.01 5 3.743072964498107e-07 0 0 1
Step 77 0.7700000000000005 0.01 5 3.694522856715468e-07 0 0 1
Step 78 0.7800000000000005 0.01 5 3.643554451735466e-07 0 0 1
Step 79 0.7900000000000005 0.01 5 3.590495398647981e-07 0 0 1
Step 80 0.8000000000000005 0.01 5 3.535646043932538e-07 0 0 1
Step 81 0.8100000000000005 0.01 5 3.479281616377265e-07 0 0 1
Step 82 0.8200000000000005 0.01 5 3.42165393238227e-07 0 0 1
Step 83 0.8300000000000005 0.01 5 3.362993270016316e-07 0 0 1
Step 84 0.8400000000000005 0.01 5 3.303509896683834e-07 0 0 1
Step 85 0.8500000000000005 0.01 5 3.24339562343805e-07 0 0 1
Step 86 0.8600000000000005 0.01 5 3.182825208302497e-07 0 0 1
Step 87 0.8700000000000006 0.01 5 3.121957617485183e-07 0 0 1
Step 88 0.8800000000000006 0.01 5 3.060937242183073e-07 0 0 1
Step 89 0.8900000000000006 0.01 5 2.999894946632734e-07 0 0 1
Step 90 0.9000000000000006 0.01 5 2.938949222742946e-07 0 0 1
Step 91 0.9100000000000006 0.01 5 2.878207122681694e-07 0 0 1
Step 92 0.9200000000000006 0.01 5 2.817765040473843e-07 0 0 1
Step 93 0.9300000000000006 0.01 5 2.757709617942872e-07 0 0 1
Step 94 0.9400000000000006 0.01 5 2.698118552953723e-07 0 0 1
Step 95 0.9500000000000006 0.01 5 2.639061203374277e-07 0 0 1
Step 96 0.9600000000000006 0.01 5 2.580599315381641e-07 0 0 1
Step 97 0.9700000000000006 0.01 5 2.522787654068999e-07 0 0 1
Step 98 0.9800000000000006 0.01 5 2.465674456416719e-07 0 0 1
Step 99 0.9900000000000007 0.01 5 2.409302079662916e-07 0 0 1
Step 100 1.000000000000001 0.01 5 2.353707436510619e-07 0 0 1
Step 101 1.010000000000001 0.01 5 2.298922403690198e-07 0 0 1
Step 102 1.020000000000001 0.01 5 2.24497429269405e-07 0 0 1
Step 103 1.030000000000001 0.01 5 2.191886240574774e-07 0 0 1
Step 104 1.040000000000001 0.01 5 2.139677503045066e-07 0 0 1
Step 105 1.050000000000001 0.01 5 2.08836386303881e-07 0 0 1
Step 106 1.060000000000001 0.01 5 2.037957834992211e-07 0 0 1
Step 107 1.070000000000001 0.01 5 1.988469082288997e-07 0 0 1
Step 108 1.080000000000001 0.01 5 1.939904514958406e-07 0 0 1
Step 109 1.090000000000001 0.01 5 1.892268733765906e-07 0 0 1
Step 110 1.100000000000001 0.01 5 1.845564021330773e-07 0 0 1
Step 111 1.110000000000001 0.01 5 1.799790706278482e-07 0 0 1
Step 112 1.120000000000001 0.01 5 1.754947340878472e-07 0 0 1
Step 113 1.130000000000001 0.01 5 1.711030807623398e-07 0 0 1
Step 114 1.140000000000001 0.01 5 1.668036514630137e-07 0 0 1
Step 115 1.150000000000001 0.01 5 1.625958573274306e-07 0 0 1
Step 116 1.160000000000001 0.01 5 1.584789931417846e-07 0 0 1
Step 117 1.170000000000001 0.01 5 1.544522346763097e-07 0 0 1
Step 118 1.180000000000001 0.01 5 1.505146839824173e-07 0 0 1
Step 119 1.190000000000001 0.01 5 1.466653436355719e-07 0 0 1
Step 120 1.200000000000001 0.01 5 1.429031495977678e-07 0 0 1
Step 121 1.210000000000001 0.01 5 1.392269685530882e-07 0 0 1
Step 122 1.220000000000001 0.01 5 1.356356174476563e-07 0 0 1
Step 123 1.230000000000001 0.01 5 1.321278581604361e-07 0 0 1
Step 124 1.240000000000001 0.01 5 1.287024161551478e-07 0 0 1
Step 125 1.250000000000001 0.01 5 1.253579769274487e-07 0 0 1
Step 126 1.260000000000001 0.01 5 1.220931993276482e-07 0 0 1
Step 127 1.270000000000001 0.01 5 1.189067182251851e-07 0 0 1
Step 128 1.280000000000001 0.01 5 1.157971462850761e-07 0 0 1
Step 129 1.290000000000001 0.01 5 1.12763088178762e-07 0 0 1
Step 130 1.300000000000001 0.01 5 1.098031299258246e-07 0 0 1
Step 131 1.310000000000001 0.01 5 1.069158584341661e-07 0 0 1
Step 132 1.320000000000001 0.01 5 1.040998490652368e-07 0 0 1
Step 133 1.330000000000001 0.01 5 1.013536807332707e-07 0 0 1
Step 134 1.340000000000001 0.01 5 9.867593590521762e-08 0 0 1
Step 135 1.350000000000001 0.01 5 9.606520237706368e-08 0 0 1
Step 136 1.360000000000001 0.01 5 9.352006794482344e-08 0 0 1
Step 137 1.370000000000001 0.01 5 9.10391399444841e-08 0 0 1
Step 138 1.380000000000001 0.01 5 8.862102748825384e-08 0 0 1
Step 139 1.390000000000001 0.01 5 8.626435478750381e-08 0 0 1
Step 140 1.400000000000001 0.01 5 8.39677629289616e-08 0 0 1
Step 141 1.410000000000001 0.01 5 8.172990454565783e-08 0 0 1
Step 142 1.420000000000001 0.01 5 7.954945358695797e-08 0 0 1
Step 143 1.430000000000001 0.01 5 7.742509377214052e-08 0 0 1
Step 144 1.440000000000001 0.01 5 7.535553102494154e-08 0 0 1
Step 145 1.450000000000001 0.01 5 7.333949169725833e-08 0 0 1
Step 146 1.460000000000001 0.01 5 7.137571724000441e-08 0 0 1
Step 147 1.470000000000001 0.01 5 6.94629730848803e-08 0 0 1
Step 148 1.480000000000001 0.01 5 6.760004597992564e-08 0 0 1
Step 149 1.490000000000001 0.01 4 9.738020952060689e-07 0 0 1
Step 150 1.500000000000001 0.01 4 9.476208758986235e-07 0 0 1
Step 151 1.510000000000001 0.01 4 9.221762701875016e-07 0 0 1
Step 152 1.520000000000001 0.01 4 8.973946516184873e-07 0 0 1
Step 153 1.530000000000001 0.01 4 8.732555387927818e-07 0 0 1
Step 154 1.540000000000001 0.01 4 8.497466197784968e-07 0 0 1
Step 155 1.550000000000001 0.01 4 8.268551483243576e-07 0 0 1
Step 156 1.560000000000001 0.01 4 8.045672874957613e-07 0 0 1
Step 157 1.570000000000001 0.01 4 7.828686514637223e-07 0 0 1
Step 158 1.580000000000001 0.01 4 7.617447362715556e-07 0 0 1
Step 159 1.590000000000001 0.01 4 7.411811703010684e-07 0 0 1
Step 160 1.600000000000001 0.01 4 7.211638128606624e-07 0 0 1
Step 161 1.610000000000001 0.01 4 7.016788021466786e-07 0 0 1
Step 162 1.620000000000001 0.01 4 6.827125694544783e-07 0 0 1
Step 163 1.630000000000001 0.01 4 6.64251848948341e-07 0 0 1
Step 164 1.640000000000001 0.01 4 6.462836705559543e-07 0 0 1
Step 165 1.650000000000001 0.01 4 6.287953608567278e-07 0 0 1
Step 166 1.660000000000001 0.01 4 6.117745413053549e-07 0 0 1
Step 167 1.670000000000001 0.01 4 5.952091202382095e-07 0 0 1
Step 168 1.680000000000001 0.01 4 5.790872866560896e-07 0 0 1
Step 169 1.690000000000001 0.01 4 5.633975146651812e-07 0 0 1
Step 170 1.700000000000001 0.01 4 5.481285501542777e-07 0 0 1
Step 171 1.710000000000001 0.01 4 5.332694054657596e-07 0 0 1
Step 172 1.720000000000001 0.01 4 5.188093638364864e-07 0 0 1
Step 173 1.730000000000001 0.01 4 5.047379669633517e-07 0 0 1
Step 174 1.740000000000001 0.01 4 4.910450114504177e-07 0 0 1
Step 175 1.750000000000001 0.01 4 4.777205470327036e-07 0 0 1
Step 176 1.760000000000001 0.01 4 4.647548641416265e-07 0 0 1
Step 177 1.770000000000001 0.01 4 4.521384992340999e-07 0 0 1
Step 178 1.780000000000001 0.01 4 4.398622196934156e-07 0 0 1
Step 179 1.790000000000001 0.01 4 4.27917029158447e-07 0 0 1
Step 180 1.800000000000001 0.01 4 4.162941550890107e-07 0 0 1
Step 181 1.810000000000001 0.01 4 4.049850434368999e-07 0 0 1
Step 182 1.820000000000001 0.01 4 3.939813630867548e-07 0 0 1
Step 183 1.830000000000001 0.01 4 3.832749907569956e-07 0 0 1
Step 184 1.840000000000001 0.01 4 3.728580083352854e-07 0 0 1
Step 185 1.850000000000001 0.01 4 3.627227037667404e-07 0 0 1
Step 186 1.860000000000001 0.01 4 3.528615630602625e-07 0 0 1
Step 187 1.870000000000001 0.01 4 3.432672605187333e-07 0 0 1
Step 188 1.880000000000001 0.01 4 3.339326676205833e-07 0 0 1
Step 189 1.890000000000001 0.01 4 3.248508334799699e-07 0 0 1
Step 190 1.900000000000001 0.01 4 3.160149883995212e-07 0 0 1
Step 191 1.910000000000001 0.01 4 3.074185438703379e-07 0 0 1
Step 192 1.920000000000001 0.01 4 2.990550748082992e-07 0 0 1
Step 193 1.930000000000001 0.01 4 2.909183302123273e-07 0 0 1
Step 194 1.940000000000002 0.01 4 2.830022216180775e-07 0 0 1
Step 195 1.950000000000002 0.01 4 2.753008142160303e-07 0 0 1
Step 196 1.960000000000002 0.01 4 2.678083401743005e-07 0 0 1
Step 197 1.970000000000002 0.01 4 2.605191737695589e-07 0 0 1
Step 198 1.980000000000002 0.01 4 2.534278393806442e-07 0 0 1
Step 199 1.990000000000002 0.01 4 2.465290088240701e-07 0 0 1
Step 200 2.000000000000001 0.01 4 2.398174924722192e-07 0 0 1
Step 201 2.010000000000001 0.01 4 2.332882392533218e-07 0 0 1
Step 202 2.020000000000001 0.01 4 2.269363286578437e-07 0 0 1
Step 203 2.030000000000001 0.01 4 2.207569760676469e-07 0 0 1
Step 204 2.04 0.01 4 2.147455203213529e-07 0 0 1
Step 205 2.05 0.01 4 2.088974246025984e-07 0 0 1
Step 206 2.06 0.01 4 2.032082737755555e-07 0 0 1
Step 207 2.07 0.01 4 1.976737708320122e-07 0 0 1
Step 208 2.08 0.01 4 1.922897288980822e-07 0 0 1
Step 209 2.089999999999999 0.01 4 1.870520818920078e-07 0 0 1
Step 210 2.099999999999999 0.01 4 1.819568614317994e-07 0 0 1
Step 211 2.109999999999999 0.01 4 1.770002154867823e-07 0 0 1
Step 212 2.119999999999999 0.01 4 1.72178387061476e-07 0 0 1
Step 213 2.129999999999999 0.01 4 1.674877275180835e-07 0 0 1
Step 214 2.139999999999998 0.01 4 1.629246779249542e-07 0 0 1
Step 215 2.149999999999998 0.01 4 1.58485781490909e-07 0 0 1
Step 216 2.159999999999998 0.01 4 1.541676702426628e-07 0 0 1
Step 217 2.169999999999998 0.01 4 1.499670685774614e-07 0 0 1
Step 218 2.179999999999997 0.01 4 1.458807888223307e-07 0 0 1
Step 219 2.189999999999997 0.01 4 1.419057294574752e-07 0 0 1
Step 220 2.199999999999997 0.01 4 1.380388706756743e-07 0 0 1
Step 221 2.209999999999997 0.01 4 1.342772770466179e-07 0 0 1
Step 222 2.219999999999997 0.01 4 1.306180877469578e-07 0 0 1
Step 223 2.229999999999996 0.01 4 1.270585245540482e-07 0 0 1
Step 224 2.239999999999996 0.01 4 1.235958794112429e-07 0 0 1
Step 225 2.249999999999996 0.01 4 1.20227519757164e-07 0 0 1
Step 226 2.259999999999996 0.01 4 1.169508849728926e-07 0 0 1
Step 227 2.269999999999996 0.01 4 1.137634801646789e-07 0 0 1
Step 228 2.279999999999995 0.01 4 1.106628832694424e-07 0 0 1
Step 229 2.289999999999995 0.01 4 1.076467343966485e-07 0 0 1
Step 230 2.299999999999995 0.01 4 1.047127340518409e-07 0 0 1
Step 231 2.309999999999995 0.01 4 1.018586511303454e-07 0 0 1
Step 232 2.319999999999995 0.01 4 9.908231137094241e-08 0 0 1
Step 233 2.329999999999994 0.01 4 9.638160357305462e-08 0 0 1
Step 234 2.339999999999994 0.01 4 9.375446893865574e-08 0 0 1
Step 235 2.349999999999994 0.01 4 9.119890373682036e-08 0 0 1
Step 236 2.359999999999994 0.01 4 8.871296108001824e-08 0 0 1
Step 237 2.369999999999993 0.01 4 8.629475092414771e-08 0 0 1
Step 238 2.379999999999993 0.01 4 8.39424258576945e-08 0 0 1
Step 239 2.389999999999993 0.01 4 8.165419531261674e-08 0 0 1
Step 240 2.399999999999993 0.01 4 7.942831312971514e-08 0 0 1
Step 241 2.409999999999993 0.01 4 7.726308555243689e-08 0 0 1
Step 242 2.419999999999992 0.01 4 7.515685523940913e-08 0 0 1
Step 243 2.429999999999992 0.01 4 7.310802346921037e-08 0 0 1
Step 244 2.439999999999992 0.01 4 7.111502349471935e-08 0 0 1
Step 245 2.449999999999992 0.01 4 6.917633653052312e-08 0 0 1
Step 246 2.459999999999992 0.01 3 9.960762976239867e-07 0 0 1
Step 247 2.469999999999991 0.01 3 9.693305857415918e-07 0 0 1
Step 248 2.479999999999991 0.01 3 9.425476112137066e-07 0 0 1
Step 249 2.489999999999991 0.01 3 9.165683965852054e-07 0 0 1
Step 250 2.499999999999991 0.01 3 8.914354829470737e-07 0 0 1
Step 251 2.50999999999999 0.01 3 8.670724256543501e-07 0 0 1
Step 252 2.51999999999999 0.01 3 8.434146221475127e-07 0 0 1
Step 253 2.52999999999999 0.01 3 8.204194283069061e-07 0 0 1
Step 254 2.53999999999999 0.01 3 7.98057965004918e-07 0 0 1
Step 255 2.54999999999999 0.01 3 7.763083599550483e-07 0 0 1
Step 256 2.559999999999989 0.01 3 7.551520795342576e-07 0 0 1
Step 257 2.569999999999989 0.01 3 7.345722670006185e-07 0 0 1
Step 258 2.579999999999989 0.01 3 7.145529626726911e-07 0 0 1
Step 259 2.589999999999989 0.01 3 6.950788348112344e-07 0 0 1
Step 260 2.599999999999989 0.01 3 6.761350241880851e-07 0 0 1
Step 261 2.609999999999988 0.01 3 6.577071138880487e-07 0 0 1
Step 262 2.619999999999988 0.01 3 6.397810715771906e-07 0 0 1
Step 263 2.629999999999988 0.01 3 6.223432521675234e-07 0 0 1
Step 264 2.639999999999988 0.01 3 6.053803942641958e-07 0 0 1
Step 265 2.649999999999987 0.01 3 5.888795695393029e-07 0 0 1
Step 266 2.659999999999987 0.01 3 5.728282218118388e-07 0 0 1
Step 267 2.669999999999987 0.01 3 5.57214130632264e-07 0 0 1
Step 268 2.679999999999987 0.01 3 5.420253935190031e-07 0 0 1
Step 269 2.689999999999987 0.01 3 5.27250449939254e-07 0 0 1
Step 270 2.699999999999986 0.01 3 5.128780386763886e-07 0 0 1
Step 271 2.709999999999986 0.01 3 4.988972102644728e-07 0 0 1
Step 272 2.719999999999986 0.01 3 4.852973101128901e-07 0 0 1
Step 273 2.729999999999986 0.01 3 4.720679669599825e-07 0 0 1
Step 274 2.739999999999986 0.01 3 4.591990955376068e-07 0 0 1
Step 275 2.749999999999985 0.01 3 4.466808903539018e-07 0 0 1
Step 276 2.759999999999985 0.01 3 4.345038097060178e-07 0 0 1
Step 277 2.769999999999985 0.01 3 4.22658561469348e-07 0 0 1
Step 278 2.779999999999985 0.01 3 4.111361084265007e-07 0 0 1
Step 279 2.789999999999984 0.01 3 3.999276735964227e-07 0 0 1
Step 280 2.799999999999984 0.01 3 3.890246976018333e-07 0 0 1
Step 281 2.809999999999984 0.01 3 3.784188653145717e-07 0 0 1
Step 282 2.819999999999984 0.01 3 3.681020836511538e-07 0 0 1
Step 283 2.829999999999984 0.01 3 3.580664913426354e-07 0 0 1
Step 284 2.839999999999983 0.01 3 3.483044180785526e-07 0 0 1
Step 285 2.849999999999983 0.01 3 3.388084209221527e-07 0 0 1
Step 286 2.859999999999983 0.01 3 3.295712443423027e-07 0 0 1
Step 287 2.869999999999983 0.01 3 3.205858521880971e-07 0 0 1
Step 288 2.879999999999983 0.01 3 3.118453717333934e-07 0 0 1
Step 289 2.889999999999982 0.01 3 3.033431460795411e-07 0 0 1
Step 290 2.899999999999982 0.01 3 2.950726755354274e-07 0 0 1
Step 291 2.909999999999982 0.01 3 2.87027643374744e-07 0 0 1
Step 292 2.919999999999982 0.01 3 2.792019149478531e-07 0 0 1
Step 293 2.929999999999982 0.01 3 2.715895137008748e-07 0 0 1
Step 294 2.939999999999981 0.01 3 2.641846247283958e-07 0 0 1
Step 295 2.949999999999981 0.01 3 2.569815938854388e-07 0 0 1
Step 296 2.959999999999981 0.01 3 2.499749251227171e-07 0 0 1
Step 297 2.969999999999981 0.01 3 2.431592609468244e-07 0 0 1
Step 298 2.97999999999998 0.01 3 2.365294019601855e-07 0 0 1
Step 299 2.98999999999998 0.01 3 2.300802828801957e-07 0 0 1
Step 300 2.99999999999998 0.01 3 2.238069814209699e-07 0 0 1
Step 301 3.00999999999998 0.01 3 2.177047023061713e-07 0 0 1
Step 302 3.01999999999998 0.01 3 2.117687843744561e-07 0 0 1
Step 303 3.029999999999979 0.01 3 2.059946952503872e-07 0 0 1
Step 304 3.039999999999979 0.01 3 2.003780242389389e-07 0 0 1
Step 305 3.049999999999979 0.01 3 1.949144832137925e-07 0 0 1
Step 306 3.059999999999979 0.01 3 1.895998932945664e-07 0 0 1
Step 307 3.069999999999979 0.01 3 1.844301972813857e-07 0 0 1
Step 308 3.079999999999978 0.01 3 1.794014463321447e-07 0 0 1
Step 309 3.089999999999978 0.01 3 1.745098070679333e-07 0 0 1
Step 310 3.099999999999978 0.01 3 1.697515216050273e-07 0 0 1
Step 311 3.109999999999978 0.01 3 1.651229750565111e-07 0 0 1
Step 312 3.119999999999977 0.01 3 1.606206209251772e-07 0 0 1
Step 313 3.129999999999977 0.01 3 1.562410210716324e-07 0 0 1
Step 314 3.139999999999977 0.01 3 1.519808279506515e-07 0 0 1
Step 315 3.149999999999977 0.01 3 1.478367890521852e-07 0 0 1
Step 316 3.159999999999977 0.01 3 1.438057406840098e-07 0 0 1
Step 317 3.169999999999976 0.01 3 1.398845973136496e-07 0 0 1
Step 318 3.179999999999976 0.01 3 1.360703666673226e-07 0 0 1
Step 319 3.189999999999976 0.01 3 1.323601346310117e-07 0 0 1
Step 320 3.199999999999976 0.01 3 1.287510563686582e-07 0 0 1
Step 321 3.209999999999976 0.01 3 1.252403856319497e-07 0 0 1
Step 322 3.219999999999975 0.01 3 1.218254365688052e-07 0 0 1
Step 323 3.229999999999975 0.01 3 1.185035952695359e-07 0 0 1
Step 324 3.239999999999975 0.01 3 1.152723330896424e-07 0 0 1
Step 325 3.249999999999975 0.01 3 1.121291737871513e-07 0 0 1
Step 326 3.259999999999974 0.01 3 1.090717103980313e-07 0 0 1
Step 327 3.269999999999974 0.01 3 1.060976176706722e-07 0 0 1
Step 328 3.279999999999974 0.01 3 1.032046120978946e-07 0 0 1
Step 329 3.289999999999974 0.01 3 1.003904945493995e-07 0 0 1
Step 330 3.299999999999974 0.01 3 9.765310319846418e-08 0 0 1
Step 331 3.309999999999973 0.01 3 9.499035082540041e-08 0 0 1
Step 332 3.319999999999973 0.01 3 9.240020705382737e-08 0 0 1
Step 333 3.329999999999973 0.01 3 8.988068236371662e-08 0 0 1
Step 334 3.339999999999973 0.01 3 8.742985828918878e-08 0 0 1
Step 335 3.349999999999973 0.01 3 8.504585988528777e-08 0 0 1
Step 336 3.359999999999972 0.01 3 8.272687082670376e-08 0 0 1
Step 337 3.369999999999972 0.01 3 8.047110587441341e-08 0 0 1
Step 338 3.379999999999972 0.01 3 7.82768543964116e-08 0 0 1
Step 339 3.389999999999972 0.01 3 7.614242707703326e-08 0 0 1
Step 340 3.399999999999971 0.01 3 7.406620299023111e-08 0 0 1
Step 341 3.409999999999971 0.01 3 7.204659496089399e-08 0 0 1
Step 342 3.419999999999971 0.01 3 7.008205134096152e-08 0 0 1
Step 343 3.429999999999971 0.01 3 6.817107910216335e-08 0 0 1
Step 344 3.439999999999971 0.01 2 9.815952185961275e-07 0 0 1
Step 345 3.44999999999997 0.01 2 9.488616463204339e-07 0 0 1
Step 346 3.45999999999997 0.01 2 9.282334973303774e-07 0 0 1
Step 347 3.46999999999997 0.01 2 9.069912829643434e-07 0 0 1
Step 348 3.47999999999997 0.01 2 8.843531955454983e-07 0 0 1
Step 349 3.48999999999997 0.01 2 8.611346176785364e-07 0 0 1
Step 350 3.499999999999969 0.01 2 8.37958778078227e-07 0 0 1
Step 351 3.509999999999969 0.01 2 8.151502038866266e-07 0 0 1
Step 352 3.519999999999969 0.01 2 7.928531219876956e-07 0 0 1
Step 353 3.529999999999969 0.01 2 7.711226580751229e-07 0 0 1
Step 354 3.539999999999969 0.01 2 7.499730354411791e-07 0 0 1
Step 355 3.549999999999968 0.01 2 7.294007226877399e-07 0 0 1
Step 356 3.559999999999968 0.01 2 7.093947721252276e-07 0 0 1
Step 357 3.569999999999968 0.01 2 6.89941590179993e-07 0 0 1
Step 358 3.579999999999968 0.01 2 6.710262812085186e-07 0 0 1
Step 359 3.589999999999967 0.01 2 6.52634140525704e-07 0 0 1
Step 360 3.599999999999967 0.01 2 6.347504261429539e-07 0 0 1
Step 361 3.609999999999967 0.01 2 6.173609067743953e-07 0 0 1
Step 362 3.619999999999967 0.01 2 6.004517241691122e-07 0 0 1
Step 363 3.629999999999967 0.01 2 5.840091737311204e-07 0 0 1
Step 364 3.639999999999966 0.01 2 5.680203493370439e-07 0 0 1
Step 365 3.649999999999966 0.01 2 5.524723191062797e-07 0 0 1
Step 366 3.659999999999966 0.01 2 5.373527995285938e-07 0 0 1
Step 367 3.669999999999966 0.01 2 5.22649730914836e-07 0 0 1
Step 368 3.679999999999966 0.01 2 5.083515784893505e-07 0 0 1
Step 369 3.689999999999965 0.01 2 4.944468163582982e-07 0 0 1
Step 370 3.699999999999965 0.01 2 4.809245776563642e-07 0 0 1
Step 371 3.709999999999965 0.01 2 4.677742237801339e-07 0 0 1
Step 372 3.719999999999965 0.01 2 4.549852129376485e-07 0 0 1
Step 373 3.729999999999964 0.01 2 4.425477502951922e-07 0 0 1
Step 374 3.739999999999964 0.01 2 4.304518429551873e-07 0 0 1
Step 375 3.749999999999964 0.01 2 4.186879936237481e-07 0 0 1
Step 376 3.759999999999964 0.01 2 4.072471721889405e-07 0 0 1
Step 377 3.769999999999964 0.01 2 3.961201922193637e-07 0 0 1
Step 378 3.779999999999963 0.01 2 3.852984756859829e-07 0 0 1
Step 379 3.789999999999963 0.01 2 3.747735209431358e-07 0 0 1
Step 380 3.799999999999963 0.01 2 3.645371585239441e-07 0 0 1
Step 381 3.809999999999963 0.01 2 3.54581298897602e-07 0 0 1
Step 382 3.819999999999963 0.01 2 3.448982850763004e-07 0 0 1
Step 383 3.829999999999962 0.01 2 3.354805444491867e-07 0 0 1
Step 384 3.839999999999962 0.01 2 3.263207664181539e-07 0 0 1
Step 385 3.849999999999962 0.01 2 3.17411775388136e-07 0 0 1
Step 386 3.859999999999962 0.01 2 3.087466844222043e-07 0 0 1
Step 387 3.869999999999961 0.01 2 3.003187948772584e-07 0 0 1
Step 388 3.879999999999961 0.01 2 2.921216132794658e-07 0 0 1
Step 389 3.889999999999961 0.01 2 2.84148595528828e-07 0 0 1
Step 390 3.899999999999961 0.01 2 2.763937730650776e-07 0 0 1
Step 391 3.909999999999961 0.01 2 2.688510538710618e-07 0 0 1
Step 392 3.91999999999996 0.01 2 2.615146328114497e-07 0 0 1
Step 393 3.92999999999996 0.01 2 2.543788175494753e-07 0 0 1
Step 394 3.93999999999996 0.01 2 2.47438040093447e-07 0 0 1
Step 395 3.94999999999996 0.01 2 2.406869704834644e-07 0 0 1
Step 396 3.95999999999996 0.01 2 2.341204679417429e-07 0 0 1
Step 397 3.969999999999959 0.01 2 2.27733529358207e-07 0 0 1
Step 398 3.979999999999959 0.01 2 2.215209579997269e-07 0 0 1
Step 399 3.989999999999959 0.01 2 2.154781992864436e-07 0 0 1
Step 400 3.999999999999959 0.01 2 2.096004677119475e-07 0 0 1
Step 401 4.009999999999959 0.01 2 2.038833650157627e-07 0 0 1
Step 402 4.019999999999959 0.01 2 1.983223677042581e-07 0 0 1
Step 403 4.029999999999959 0.01 2 1.929132711398592e-07 0 0 1
Step 404 4.039999999999958 0.01 2 1.876519150939129e-07 0 0 1
Step 405 4.049999999999958 0.01 2 1.82534173976814e-07 0 0 1
Step 406 4.059999999999958 0.01 2 1.775561922051968e-07 0 0 1
Step 407 4.069999999999958 0.01 2 1.727140955439581e-07 0 0 1
Step 408 4.079999999999957 0.01 2 1.680041571956267e-07 0 0 1
Step 409 4.089999999999957 0.01 2 1.634228333275541e-07 0 0 1
Step 410 4.099999999999957 0.01 2 1.589665783307075e-07 0 0 1
Step 411 4.109999999999957 0.01 2 1.546319016631804e-07 0 0 1
Step 412 4.119999999999957 0.01 2 1.504155588084533e-07 0 0 1
Step 413 4.129999999999956 0.01 2 1.46314218208559e-07 0 0 1
Step 414 4.139999999999956 0.01 2 1.423248600562723e-07 0 0 1
Step 415 4.149999999999956 0.01 2 1.384443206593195e-07 0 0 1
Step 416 4.159999999999956 0.01 2 1.346696397184004e-07 0 0 1
Step 417 4.169999999999956 0.01 2 1.309980221354248e-07 0 0 1
Step 418 4.179999999999955 0.01 2 1.274265111638078e-07 0 0 1
Step 419 4.189999999999955 0.01 2 1.239524156223579e-07 0 0 1
Step 420 4.199999999999955 0.01 2 1.20573221077396e-07 0 0 1
Step 421 4.209999999999955 0.01 2 1.17286066705634e-07 0 0 1
Step 422 4.219999999999954 0.01 2 1.140886014982971e-07 0 0 1
Step 423 4.229999999999954 0.01 2 1.109783545424364e-07 0 0 1
Step 424 4.239999999999954 0.01 2 1.07952988152002e-07 0 0 1
Step 425 4.249999999999954 0.01 2 1.050101033565274e-07 0 0 1
Step 426 4.259999999999954 0.01 2 1.021475081312366e-07 0 0 1
Step 427 4.269999999999953 0.01 2 9.936301666853814e-08 0 0 1
Step 428 4.279999999999953 0.01 2 9.665431970401657e-08 0 0 1
Step 429 4.289999999999953 0.01 2 9.401962134056446e-08 0 0 1
Step 430 4.299999999999953 0.01 2 9.14567091252461e-08 0 0 1
Step 431 4.309999999999953 0.01 0 9.908134835845741e-07 0 0 1
Step 432 4.319999999999952 0.01 0 9.85579902740676e-07 0 0 1
Step 433 4.329999999999952 0.01 2 2.952055221867368e-07 0 0 1
Step 434 4.339999999999952 0.01 2 2.074852188333193e-07 0 0 1
Step 435 4.349999999999952 0.01 0 2.81106486383492e-07 0 0 1
Step 436 4.359999999999951 0.01 0 5.887810487946808e-07 0 0 1
Step 437 4.369999999999951 0.01 0 9.983055911842266e-07 0 0 1
Step 438 4.379999999999951 0.01 2 1.839758477361253e-07 0 0 1
Step 439 4.389999999999951 0.01 1 3.309282764562603e-07 0 0 1
Step 440 4.399999999999951 0.01 0 1.225845465109203e-07 0 0 1
Step 441 4.40999999999995 0.01 0 6.186680536984298e-07 0 0 1
Step 442 4.41999999999995 0.01 0 9.574310516269783e-07 0 0 1
Step 443 4.42999999999995 0.01 0 7.6164925273194e-07 0 0 1
Step 444 4.43999999999995 0.01 2 6.152413742103202e-07 0 0 1
Step 445 4.44999999999995 0.01 2 2.182817999119883e-07 0 0 1
Step 446 4.459999999999949 0.01 2 2.384044971121258e-07 0 0 1
Step 447 4.469999999999949 0.01 0 6.389328458980021e-07 0 0 1
Step 448 4.479999999999949 0.01 0 3.53538979951212e-07 0 0 1
Step 449 4.489999999999949 0.01 1 8.51710420881098e-07 0 0 1
Step 450 4.499999999999948 0.01 0 8.300074061628837e-07 0 0 1
Step 451 4.509999999999948 0.01 2 6.953491910516312e-08 0 0 1
Step 452 4.519999999999948 0.01 2 3.630562787843551e-07 0 0 1
Step 453 4.529999999999948 0.01 2 8.55796232566151e-08 0 0 1
Step 454 4.539999999999948 0.01 1 5.839427628400827e-08 0 0 1
Step 455 4.549999999999947 0.01 0 6.00776147305633e-08 0 0 1
Step 456 4.559999999999947 0.01 0 3.045829590228414e-07 0 0 1
Step 457 4.569999999999947 0.01 0 4.569478720520478e-07 0 0 1
Step 458 4.579999999999947 0.01 2 1.184856664960656e-07 0 0 1
Step 459 4.589999999999947 0.01 2 2.78223492059893e-07 0 0 1
Step 460 4.599999999999946 0.01 0 2.30375529765517e-07 0 0 1
Step 461 4.609999999999946 0.01 0 7.422585901875128e-07 0 0 1
Step 462 4.619999999999946 0.01 0 5.396673588402634e-07 0 0 1
Step 463 4.629999999999946 0.01 2 7.00694338755976e-08 0 0 1
Step 464 4.639999999999946 0.01 0 8.793407907951082e-07 0 0 1
Step 465 4.649999999999945 0.01 0 3.816156384527068e-07 0 0 1
Step 466 4.659999999999945 0.01 2 9.179612906869377e-07 0 0 1
Step 467 4.669999999999945 0.01 3 7.259717777059912e-08 0 0 1
Step 468 4.679999999999945 0.01 1 6.861281757698631e-07 0 0 1
Step 469 4.689999999999944 0.01 0 9.235236643653192e-07 0 0 1
Step 470 4.699999999999944 0.01 1 2.374509894106289e-07 0 0 1
Step 471 4.709999999999944 0.01 1 2.355398857214328e-07 0 0 1
Step 472 4.719999999999944 0.01 1 5.754884757385079e-07 0 0 1
Step 473 4.729999999999944 0.01 0 3.934439314888363e-07 0 0 1
Step 474 4.739999999999943 0.01 0 8.975056161507554e-07 0 0 1
Step 475 4.749999999999943 0.01 0 1.828618642060872e-07 0 0 1
Step 476 4.759999999999943 0.01 2 7.321716019250436e-08 0 0 1
Step 477 4.769999999999943 0.01 2 2.476499106604113e-07 0 0 1
Step 478 4.779999999999943 0.01 0 7.696624457979318e-07 0 0 1
Step 479 4.789999999999942 0.01 0 8.339647880561691e-07 0 0 1
Step 480 4.799999999999942 0.01 2 2.691245160720775e-07 0 0 1
Step 481 4.809999999999942 0.01 1 6.837733407106859e-07 0 0 1
Step 482 4.819999999999942 0.01 2 1.053023993850022e-07 0 0 1
Step 483 4.829999999999941 0.01 1 6.594338547900971e-07 0 0 1
Step 484 4.839999999999941 0.01 1 4.645582089624738e-07 0 0 1
Step 485 4.849999999999941 0.01 1 3.158285375044563e-07 0 0 1
Step 486 4.859999999999941 0.01 0 2.733961077527316e-07 0 0 1
Step 487 4.869999999999941 0.01 0 7.888857269129244e-08 0 0 1
Step 488 4.87999999999994 0.01 0 1.012843082298507e-07 0 0 1
Step 489 4.88999999999994 0.01 0 7.716925386434984e-07 0 0 1
Step 490 4.89999999999994 0.01 0 4.17962511909215e-07 0 0 1
Step 491 4.90999999999994 0.01 1 8.77990601049582e-07 0 0 1
Step 492 4.91999999999994 0.01 0 5.510020633075415e-07 0 0 1
Step 493 4.929999999999939 0.01 2 1.177993087101306e-07 0 0 1
Step 494 4.939999999999939 0.01 2 6.462647159361881e-07 0 0 1
Step 495 4.949999999999939 0.01 0 5.504151753254974e-07 0 0 1
Step 496 4.959999999999939 0.01 2 1.088188042028361e-07 0 0 1
Step 497 4.969999999999938 0.01 2 7.199686379760599e-07 0 0 1
Step 498 4.979999999999938 0.01 0 4.595637685867199e-07 0 0 1
Step 499 4.989999999999938 0.01 2 1.309152358951958e-07 0 0 1
Step 500 4.999999999999938 0.01 2 7.611219223362241e-07 0 0 1
Step 501 5.009999999999938 0.01 0 6.512224943132766e-07 0 0 1
Step 502 5.019999999999937 0.01 2 1.089761752420061e-07 0 0 1
Step 503 5.029999999999937 0.01 2 6.953305579525282e-07 0 0 1
Step 504 5.039999999999937 0.01 0 8.402937754501578e-07 0 0 1
Step 505 5.049999999999937 0.01 2 1.322250968430516e-07 0 0 1
Step 506 5.059999999999937 0.01 2 7.475350819629613e-07 0 0 1
Step 507 5.069999999999936 0.01 2 2.809296328463587e-07 0 0 1
Step 508 5.079999999999936 0.01 2 8.325646775215501e-08 0 0 1
Step 509 5.089999999999936 0.01 1 3.192901896635437e-07 0 0 1
Step 510 5.099999999999936 0.01 0 5.231715653018652e-08 0 0 1
Step 511 5.109999999999935 0.01 0 9.317071754834496e-07 0 0 1
Step 512 5.119999999999935 0.01 0 2.780399057412894e-07 0 0 1
Step 513 5.129999999999935 0.01 1 3.949239879358034e-07 0 0 1
Step 514 5.139999999999935 0.01 1 1.242630880663659e-07 0 0 1
Step 515 5.149999999999935 0.01 0 8.667338372247529e-07 0 0 1
Step 516 5.159999999999934 0.01 0 1.390902209083332e-07 0 0 1
Step 517 5.169999999999934 0.01 1 5.182277214207084e-07 0 0 1
Step 518 5.179999999999934 0.01 1 3.696897340062169e-07 0 0 1
Step 519 5.189999999999934 0.01 0 9.788402307181894e-07 0 0 1
Step 520 5.199999999999934 0.01 0 2.78457507173917e-07 0 0 1
Step 521 5.209999999999933 0.01 1 2.31946782239492e-07 0 0 1
Step 522 5.219999999999933 0.01 0 4.618178670484828e-07 0 0 1
Step 523 5.229999999999933 0.01 1 2.269034696020271e-08 0 0 1
Step 524 5.239999999999933 0.01 1 5.780557675626084e-07 0 0 1
Step 525 5.249999999999932 0.01 0 4.017624465644638e-07 0 0 1
Step 526 5.259999999999932 0.01 1 4.074024400210379e-08 0 0 1
Step 527 5.269999999999932 0.01 0 4.005708122600518e-07 0 0 1
Step 528 5.279999999999932 0.01 0 4.82485514153534e-07 0 0 1
Step 529 5.289999999999932 0.01 0 6.647690122133893e-07 0 0 1
Step 530 5.299999999999931 0.01 1 1.977745382483232e-07 0 0 1
Step 531 5.309999999999931 0.01 1 5.561407436869878e-07 0 0 1
Step 532 5.319999999999931 0.01 0 8.51391952200991e-08 0 0 1
Step 533 5.329999999999931 0.01 0 9.093471542549033e-07 0 0 1
Step 534 5.339999999999931 0.01 0 8.479702575580054e-07 0 0 1
Step 535 5.34999999999993 0.01 1 2.084365753661752e-08 0 0 1
Step 536 5.35999999999993 0.01 1 7.705808904378282e-07 0 0 1
Step 537 5.36999999999993 0.01 0 3.635400850483095e-07 0 0 1
Step 538 5.37999999999993 0.01 1 3.61907379781769e-07 0 0 1
Step 539 5.38999999999993 0.01 2 9.026648139553832e-08 0 0 1
Step 540 5.399999999999929 0.01 0 7.412538238956243e-07 0 0 1
Step 541 5.409999999999929 0.01 0 5.882460939642415e-07 0 0 1
Step 542 5.419999999999929 0.01 2 6.824347098811153e-08 0 0 1
Step 543 5.429999999999929 0.01 1 1.454418411821856e-07 0 0 1
Step 544 5.439999999999928 0.01 0 4.142572148082508e-07 0 0 1
Step 545 5.449999999999928 0.01 0 3.326509560016155e-07 0 0 1
Step 546 5.459999999999928 0.01 0 8.064542972239571e-07 0 0 1
Step 547 5.469999999999928 0.01 0 3.244982499291389e-07 0 0 1
Step 548 5.479999999999928 0.01 2 1.4024179432965e-07 0 0 1
Step 549 5.489999999999927 0.01 0 1.310772107073271e-07 0 0 1
Step 550 5.499999999999927 0.01 0 9.121707779291072e-07 0 0 1
Step 551 5.509999999999927 0.01 0 3.824873994652817e-07 0 0 1
Step 552 5.519999999999927 0.01 2 1.256678695505868e-07 0 0 1
Step 553 5.529999999999927 0.01 0 3.301073295851232e-07 0 0 1
Step 554 5.539999999999926 0.01 0 8.54638777087163e-07 0 0 1
Step 555 5.549999999999926 0.01 0 7.098298341957339e-07 0 0 1
Step 556 5.559999999999926 0.01 2 3.060852092499408e-07 0 0 1
Step 557 5.569999999999926 0.01 2 4.810568052472154e-07 0 0 1
Step 558 5.579999999999925 0.01 2 1.619319278278147e-07 0 0 1
Step 559 5.589999999999925 0.01 1 7.933471304929277e-07 0 0 1
Step 560 5.599999999999925 0.01 0 7.807932460883504e-07 0 0 1
Step 561 5.609999999999925 0.01 1 2.824983703255443e-08 0 0 1
Step 562 5.619999999999925 0.01 1 8.351058080440809e-07 0 0 1
Step 563 5.629999999999924 0.01 0 5.119546526550624e-07 0 0 1
Step 564 5.639999999999924 0.01 1 9.260574579542727e-08 0 0 1
Step 565 5.649999999999924 0.01 0 4.922716495244974e-07 0 0 1
Step 566 5.659999999999924 0.01 0 9.183227467807064e-07 0 0 1
Step 567 5.669999999999924 0.01 0 9.903008614532943e-07 0 0 1
Step 568 5.679999999999923 0.01 1 6.436139424273683e-07 0 0 1
Step 569 5.689999999999923 0.01 2 1.538035836251692e-07 0 0 1
Step 570 5.699999999999923 0.01 0 8.912365761224377e-07 0 0 1
Step 571 5.709999999999923 0.01 0 4.717310446865088e-07 0 0 1
Step 572 5.719999999999922 0.01 2 1.750664454794043e-07 0 0 1
Step 573 5.729999999999922 0.01 1 4.274356372395846e-08 0 0 1
Step 574 5.739999999999922 0.01 0 3.360799492232411e-07 0 0 1
Step 575 5.749999999999922 0.01 0 3.029316945223584e-07 0 0 1
Step 576 5.759999999999922 0.01 0 7.695412228343169e-07 0 0 1
Step 577 5.769999999999921 0.01 0 9.645938641984884e-07 0 0 1
Step 578 5.779999999999921 0.01 2 2.746076876209038e-07 0 0 1
Step 579 5.789999999999921 0.01 2 1.259000811841361e-07 0 0 1
Step 580 5.799999999999921 0.01 0 1.57239648029142e-07 0 0 1
Step 581 5.809999999999921 0.01 0 8.044895664187893e-07 0 0 1
Step 582 5.81999999999992 0.01 0 4.279851437687655e-07 0 0 1
Step 583 5.82999999999992 0.01 1 1.722620783557372e-07 0 0 1
Step 584 5.83999999999992 0.01 0 7.04284825875129e-07 0 0 1
Step 585 5.84999999999992 0.01 0 9.092448024506332e-07 0 0 1
Step 586 5.859999999999919 0.01 2 6.846189400398725e-07 0 0 1
Step 587 5.869999999999919 0.01 2 6.255641839419806e-07 0 0 1
Step 588 5.879999999999919 0.01 1 2.082054553040585e-07 0 0 1
Step 589 5.889999999999919 0.01 1 5.512956973840875e-08 0 0 1
Step 590 5.899999999999919 0.01 0 3.565625943042907e-08 0 0 1
Step 591 5.909999999999918 0.01 0 2.146488152810973e-07 0 0 1
Step 592 5.919999999999918 0.01 0 9.02350251748313e-08 0 0 1
Step 593 5.929999999999918 0.01 0 5.973052335486317e-07 0 0 1
Step 594 5.939999999999918 0.01 0 6.387694008870639e-08 0 0 1
Step 595 5.949999999999918 0.01 1 5.04683444342366e-08 0 0 1
Step 596 5.959999999999917 0.01 0 4.32346224298846e-07 0 0 1
Step 597 5.969999999999917 0.01 0 1.161673593755764e-07 0 0 1
Step 598 5.979999999999917 0.01 1 2.115278375038703e-07 0 0 1
Step 599 5.989999999999917 0.01 0 1.479536309633409e-07 0 0 1
Step 600 5.999999999999917 0.01 0 2.723418379495738e-07 0 0 1
Step 601 6.009999999999916 0.01 0 5.447599579492163e-07 0 0 1
Step 602 6.019999999999916 0.01 0 6.289002328603214e-07 0 0 1
Step 603 6.029999999999916 0.01 2 1.086425273937145e-07 0 0 1
Step 604 6.039999999999916 0.01 2 1.480007166258905e-07 0 0 1
Step 605 6.049999999999915 0.01 0 7.066327611531227e-07 0 0 1
Step 606 6.059999999999915 0.01 0 2.786394261916866e-07 0 0 1
Step 607 6.069999999999915 0.01 2 7.33117973999654e-08 0 0 1
Step 608 6.079999999999915 0.01 1 2.332303744168393e-08 0 0 1
Step 609 6.089999999999915 0.01 0 2.282057931369229e-07 0 0 1
Step 610 6.099999999999914 0.01 0 1.419598466149544e-08 0 0 1
Step 611 6.109999999999914 0.01 0 4.974075102773259e-07 0 0 1
Step 612 6.119999999999914 0.01 0 1.954643430680705e-07 0 0 1
Step 613 6.129999999999914 0.01 2 9.283551671420179e-08 0 0 1
Step 614 6.139999999999914 0.01 0 8.993365182267751e-07 0 0 1
Step 615 6.149999999999913 0.01 0 1.800807506023841e-07 0 0 1
Step 616 6.159999999999913 0.01 2 1.127362216639301e-07 0 0 1
Step 617 6.169999999999913 0.01 0 4.233547444318237e-07 0 0 1
Step 618 6.179999999999913 0.01 0 6.925870041668736e-07 0 0 1
Step 619 6.189999999999912 0.01 1 8.447011639658915e-07 0 0 1
Step 620 6.199999999999912 0.01 2 1.541472572336221e-07 0 0 1
Step 621 6.209999999999912 0.01 1 5.860081982210962e-07 0 0 1
Step 622 6.219999999999912 0.01 0 1.570830671118768e-07 0 0 1
Step 623 6.229999999999912 0.01 1 1.470364859443076e-08 0 0 1
Step 624 6.239999999999911 0.01 0 9.951474769445007e-07 0 0 1
Step 625 6.249999999999911 0.01 0 5.03086189564154e-08 0 0 1
Step 626 6.259999999999911 0.01 2 7.075150975244974e-08 0 0 1
Step 627 6.269999999999911 0.01 0 7.86414274315391e-07 0 0 1
Step 628 6.279999999999911 0.01 0 1.747666546466478e-07 0 0 1
Step 629 6.28999999999991 0.01 2 1.587564761273473e-07 0 0 1
Step 630 6.29999999999991 0.01 0 2.871005282367943e-07 0 0 1
Step 631 6.30999999999991 0.01 0 3.794548670710605e-08 0 0 1
Step 632 6.31999999999991 0.01 0 9.476114926478019e-07 0 0 1
Step 633 6.329999999999909 0.01 0 6.431872816581828e-08 0 0 1
Step 634 6.339999999999909 0.01 2 4.708492695530299e-07 0 0 1
Step 635 6.349999999999909 0.01 2 3.018969443856845e-07 0 0 1
Step 636 6.359999999999909 0.01 0 8.514331714380597e-07 0 0 1
Step 637 6.369999999999909 0.01 1 3.528730179050013e-07 0 0 1
Step 638 6.379999999999908 0.01 2 1.150661877219854e-07 0 0 1
Step 639 6.389999999999908 0.01 0 1.63476642086566e-07 0 0 1
Step 640 6.399999999999908 0.01 0 8.02866833148765e-07 0 0 1
Step 641 6.409999999999908 0.01 0 3.899667175632158e-07 0 0 1
Step 642 6.419999999999908 0.01 1 3.062949491449993e-07 0 0 1
Step 643 6.429999999999907 0.01 2 2.844621598823381e-07 0 0 1
Step 644 6.439999999999907 0.01 2 1.536897235680089e-07 0 0 1
Step 645 6.449999999999907 0.01 1 7.467574840799809e-07 0 0 1
Step 646 6.459999999999907 0.01 0 5.245611867000211e-07 0 0 1
Step 647 6.469999999999906 0.01 1 1.178205166390644e-08 0 0 1
Step 648 6.479999999999906 0.01 1 7.169267638979902e-07 0 0 1
Step 649 6.489999999999906 0.01 0 2.918733083237403e-07 0 0 1
Step 650 6.499999999999906 0.01 1 1.435462717370347e-07 0 0 1
Step 651 6.509999999999906 0.01 0 9.648425760675941e-08 0 0 1
Step 652 6.519999999999905 0.01 0 7.889804447120825e-07 0 0 1
Step 653 6.529999999999905 0.01 0 2.14994587433608e-07 0 0 1
Step 654 6.539999999999905 0.01 1 6.918616289460819e-07 0 0 1
Step 655 6.549999999999905 0.01 2 2.182712794363021e-07 0 0 1
Step 656 6.559999999999905 0.01 2 9.929138417529261e-08 0 0 1
Step 657 6.569999999999904 0.01 0 9.918941841633742e-08 0 0 1
Step 658 6.579999999999904 0.01 0 6.316678687908041e-07 0 0 1
Step 659 6.589999999999904 0.01 0 2.796798935862423e-07 0 0 1
Step 660 6.599999999999904 0.01 1 9.663897553028681e-09 0 0 1
Step 661 6.609999999999904 0.01 0 2.381753261651476e-07 0 0 1
Step 662 6.619999999999903 0.01 0 4.464356541843528e-07 0 0 1
Step 663 6.629999999999903 0.01 0 5.316117764188213e-07 0 0 1
Step 664 6.639999999999903 0.01 2 2.884558399117816e-07 0 0 1
Step 665 6.649999999999903 0.01 2 8.613236585024937e-07 0 0 1
Step 666 6.659999999999902 0.01 0 8.232677155333611e-07 0 0 1
Step 667 6.669999999999902 0.01 2 1.466073162623256e-07 0 0 1
Step 668 6.679999999999902 0.01 2 9.118999583825205e-07 0 0 1
Step 669 6.689999999999902 0.01 0 5.313641054223568e-07 0 0 1
Step 670 6.699999999999902 0.01 2 1.43548727550895e-07 0 0 1
Step 671 6.709999999999901 0.01 2 8.856470000004102e-07 0 0 1
Step 672 6.719999999999901 0.01 0 6.662969947364468e-07 0 0 1
Step 673 6.729999999999901 0.01 2 1.441470730536528e-07 0 0 1
Step 674 6.739999999999901 0.01 2 8.718514323242363e-07 0 0 1
Step 675 6.749999999999901 0.01 2 3.429352158328674e-07 0 0 1
Step 676 6.7599999999999 0.01 2 1.103486856446042e-07 0 0 1
Step 677 6.7699999999999 0.01 1 5.586983321598495e-07 0 0 1
Step 678 6.7799999999999 0.01 0 2.088814943388635e-07 0 0 1
Step 679 6.7899999999999 0.01 1 3.44270091443259e-08 0 0 1
Step 680 6.799999999999899 0.01 0 9.468420412405464e-07 0 0 1
Step 681 6.809999999999899 0.01 0 1.121688313321579e-07 0 0 1
Step 682 6.819999999999899 0.01 2 8.317859313964177e-08 0 0 1
Step 683 6.829999999999899 0.01 2 7.826263643319113e-08 0 0 1
Step 684 6.839999999999899 0.01 0 1.723283769403504e-08 0 0 1
Step 685 6.849999999999898 0.01 0 3.156727243968312e-07 0 0 1
Step 686 6.859999999999898 0.01 0 6.495788594312694e-08 0 0 1
Step 687 6.869999999999898 0.01 0 7.383407505105137e-07 0 0 1
Step 688 6.879999999999898 0.01 0 4.205088066680975e-07 0 0 1
Step 689 6.889999999999898 0.01 1 1.61472603594114e-07 0 0 1
Step 690 6.899999999999897 0.01 2 9.239845556561459e-08 0 0 1
Step 691 6.909999999999897 0.01 0 2.2592338351269e-07 0 0 1
Step 692 6.919999999999897 0.01 0 3.171418083413505e-08 0 0 1
Step 693 6.929999999999897 0.01 0 3.824897128824927e-07 0 0 1
Step 694 6.939999999999896 0.01 0 2.496779730994425e-07 0 0 1
Step 695 6.949999999999896 0.01 0 7.836235006855625e-07 0 0 1
Step 696 6.959999999999896 0.01 0 9.325670902758643e-07 0 0 1
Step 697 6.969999999999896 0.01 2 5.908238733450299e-07 0 0 1
Step 698 6.979999999999896 0.01 2 5.139373231215385e-07 0 0 1
Step 699 6.989999999999895 0.01 0 7.336169994596805e-07 0 0 1
Step 700 6.999999999999895 0.01 1 1.235800796019367e-07 0 0 1
Step 701 7.009999999999895 0.01 1 3.166290209129461e-07 0 0 1
Step 702 7.019999999999895 0.01 0 2.870063098427755e-07 0 0 1
Step 703 7.029999999999895 0.01 0 4.42814121094231e-07 0 0 1
Step 704 7.039999999999894 0.01 1 4.468318895997503e-07 0 0 1
Step 705 7.049999999999894 0.01 1 1.72206684432046e-07 0 0 1
Step 706 7.059999999999894 0.01 1 1.660485646397426e-07 0 0 1
Step 707 7.069999999999894 0.01 0 1.231253483624777e-07 0 0 1
Step 708 7.079999999999893 0.01 0 6.328888384016043e-07 0 0 1
Step 709 7.089999999999893 0.01 0 3.539627771258551e-07 0 0 1
Step 710 7.099999999999893 0.01 1 1.331672394110725e-08 0 0 1
Step 711 7.109999999999893 0.01 1 5.276937363317481e-07 0 0 1
Step 712 7.119999999999893 0.01 0 1.771823632639262e-07 0 0 1
Step 713 7.129999999999892 0.01 1 1.465028753393339e-07 0 0 1
Step 714 7.139999999999892 0.01 0 7.872655862359567e-08 0 0 1
Step 715 7.149999999999892 0.01 0 6.43771444229723e-07 0 0 1
Step 716 7.159999999999892 0.01 0 1.710656969474168e-07 0 0 1
Step 717 7.169999999999892 0.01 1 8.709678891164296e-07 0 0 1
Step 718 7.179999999999891 0.01 0 5.865192881808837e-07 0 0 1
Step 719 7.189999999999891 0.01 2 9.1084095104905e-08 0 0 1
Step 720 7.199999999999891 0.01 0 9.259334137852372e-07 0 0 1
Step 721 7.209999999999891 0.01 0 8.630413186906649e-07 0 0 1
Step 722 7.219999999999891 0.01 3 8.390598122471208e-08 0 0 1
Step 723 7.22999999999989 0.01 3 7.343327802959969e-08 0 0 1
Step 724 7.23999999999989 0.01 0 3.632167766567836e-07 0 0 1
Step 725 7.24999999999989 0.01 0 4.365316160330343e-07 0 0 1
Step 726 7.25999999999989 0.01 0 8.749288492973633e-07 0 0 1
Step 727 7.269999999999889 0.01 0 7.093002619590987e-07 0 0 1
Step 728 7.279999999999889 0.01 1 6.927327143956031e-08 0 0 1
Step 729 7.289999999999889 0.01 0 7.185508921989842e-07 0 0 1
Step 730 7.299999999999889 0.01 1 1.540180752364975e-07 0 0 1
Step 731 7.309999999999889 0.01 1 4.679148233275132e-07 0 0 1
Step 732 7.319999999999888 0.01 1 2.928397669210407e-07 0 0 1
Step 733 7.329999999999888 0.01 0 9.94933776179933e-07 0 0 1
Step 734 7.339999999999888 0.01 1 2.346089250417218e-08 0 0 1
Step 735 7.349999999999888 0.01 1 3.58786878846004e-07 0 0 1
Step 736 7.359999999999888 0.01 0 8.156452072265096e-07 0 0 1
Step 737 7.369999999999887 0.01 1 3.826677662508719e-08 0 0 1
Step 738 7.379999999999887 0.01 1 1.10943392401476e-08 0 0 1
Step 739 7.389999999999887 0.01 1 9.331189630640319e-08 0 0 1
Step 740 7.399999999999887 0.01 0 4.199690003789716e-07 0 0 1
Step 741 7.409999999999886 0.01 0 5.409965413890601e-07 0 0 1
Step 742 7.419999999999886 0.01 1 1.773824410198062e-07 0 0 1
Step 743 7.429999999999886 0.01 0 6.667979547770723e-07 0 0 1
Step 744 7.439999999999886 0.01 1 7.469976021883773e-08 0 0 1
Step 745 7.449999999999886 0.01 0 9.167204616591108e-07 0 0 1
Step 746 7.459999999999885 0.01 1 4.283375583230759e-08 0 0 1
Step 747 7.469999999999885 0.01 1 2.912472160992821e-07 0 0 1
Step 748 7.479999999999885 0.01 1 2.130401531885132e-07 0 0 1
Step 749 7.489999999999885 0.01 0 5.004696880521265e-07 0 0 1
Step 750 7.499999999999885 0.01 0 8.941427705251728e-07 0 0 1
Step 751 7.509999999999884 0.01 1 3.499720297708208e-07 0 0 1
Step 752 7.519999999999884 0.01 1 3.919892978722451e-08 0 0 1
Step 753 7.529999999999884 0.01 0 9.031787121302189e-07 0 0 1
Step 754 7.539999999999884 0.01 0 7.668535304857534e-07 0 0 1
Step 755 7.549999999999883 0.01 1 4.346720034485795e-07 0 0 1
Step 756 7.559999999999883 0.01 1 1.388239778619577e-07 0 0 1
Step 757 7.569999999999883 0.01 1 1.828962120411634e-07 0 0 1
Step 758 7.579999999999883 0.01 1 1.115840714679085e-07 0 0 1
Step 759 7.589999999999883 0.01 0 7.108850817124149e-07 0 0 1
Step 760 7.599999999999882 0.01 0 1.924980722196865e-07 0 0 1
Step 761 7.609999999999882 0.01 1 1.720602832869078e-07 0 0 1
Step 762 7.619999999999882 0.01 0 2.208694150867892e-07 0 0 1
Step 763 7.629999999999882 0.01 0 1.930069326188985e-08 0 0 1
Step 764 7.639999999999882 0.01 0 7.967767406106963e-07 0 0 1
Step 765 7.649999999999881 0.01 0 1.368157905886595e-07 0 0 1
Step 766 7.659999999999881 0.01 1 1.412128906322197e-07 0 0 1
Step 767 7.669999999999881 0.01 2 7.803138847344761e-08 0 0 1
Step 768 7.679999999999881 0.01 0 4.46785884031203e-07 0 0 1
Step 769 7.68999999999988 0.01 0 8.850173522172519e-08 0 0 1
Step 770 7.69999999999988 0.01 0 9.340506974977261e-07 0 0 1
Step 771 7.70999999999988 0.01 0 2.461420851103247e-07 0 0 1
Step 772 7.71999999999988 0.01 2 2.174686493001415e-07 0 0 1
Step 773 7.72999999999988 0.01 2 8.044547481600499e-08 0 0 1
Step 774 7.739999999999879 0.01 0 5.711796606720213e-07 0 0 1
Step 775 7.749999999999879 0.01 0 3.78610552405119e-07 0 0 1
Step 776 7.759999999999879 0.01 2 1.47869238657767e-07 0 0 1
Step 777 7.769999999999879 0.01 1 5.884332251477911e-08 0 0 1
Step 778 7.779999999999879 0.01 0 1.714658929212982e-07 0 0 1
Step 779 7.789999999999878 0.01 0 3.45135340229224e-07 0 0 1
Step 780 7.799999999999878 0.01 0 3.792840859104103e-07 0 0 1
Step 781 7.809999999999878 0.01 0 9.660230120515686e-07 0 0 1
Step 782 7.819999999999878 0.01 2 2.423644387888e-07 0 0 1
Step 783 7.829999999999878 0.01 2 1.016368880300071e-07 0 0 1
Step 784 7.839999999999877 0.01 0 2.508781521107922e-07 0 0 1
Step 785 7.849999999999877 0.01 0 7.343679590473199e-07 0 0 1
Step 786 7.859999999999877 0.01 0 6.719857461591875e-07 0 0 1
Step 787 7.869999999999877 0.01 1 2.754924529626143e-08 0 0 1
Step 788 7.879999999999876 0.01 0 8.989230576049573e-07 0 0 1
Step 789 7.889999999999876 0.01 0 8.754659183474389e-07 0 0 1
Step 790 7.899999999999876 0.01 2 5.700930100512183e-07 0 0 1
Step 791 7.909999999999876 0.01 2 5.225320321497161e-07 0 0 1
Step 792 7.919999999999876 0.01 1 2.268678332115516e-07 0 0 1
Step 793 7.929999999999875 0.01 1 5.81251439537058e-08 0 0 1
Step 794 7.939999999999875 0.01 0 1.796580323672277e-07 0 0 1
Step 795 7.949999999999875 0.01 0 1.824877093735918e-07 0 0 1
Step 796 7.959999999999875 0.01 0 2.6162865024829e-07 0 0 1
Step 797 7.969999999999875 0.01 0 6.379206807845572e-07 0 0 1
Step 798 7.979999999999874 0.01 0 7.020975407013225e-07 0 0 1
Step 799 7.989999999999874 0.01 1 4.503286718874698e-08 0 0 1
Step 800 7.999999999999874 0.01 1 8.105961479900584e-08 0 0 1
Step 801 8.009999999999874 0.01 0 5.646910725189807e-07 0 0 1
Step 802 8.019999999999873 0.01 0 3.038791719912795e-07 0 0 1
Step 803 8.029999999999873 0.01 1 6.543750603111359e-08 0 0 1
Step 804 8.039999999999873 0.01 0 1.967793804084038e-07 0 0 1
Step 805 8.049999999999873 0.01 0 5.9293534856338e-07 0 0 1
Step 806 8.059999999999873 0.01 0 3.711150536393119e-07 0 0 1
Step 807 8.069999999999872 0.01 1 2.163819672093419e-07 0 0 1
Step 808 8.079999999999872 0.01 1 2.50284357669289e-07 0 0 1
Step 809 8.089999999999872 0.01 0 6.804882651068205e-07 0 0 1
Step 810 8.099999999999872 0.01 0 7.189580684662718e-07 0 0 1
Step 811 8.109999999999872 0.01 1 1.035391197030407e-07 0 0 1
Step 812 8.119999999999871 0.01 1 6.560457686890889e-08 0 0 1
Step 813 8.129999999999871 0.01 0 7.002586562855733e-07 0 0 1
Step 814 8.139999999999871 0.01 0 2.150925930600716e-07 0 0 1
Step 815 8.149999999999871 0.01 1 5.165000124039519e-08 0 0 1
Step 816 8.15999999999987 0.01 0 1.327999632455623e-07 0 0 1
Step 817 8.16999999999987 0.01 0 5.228531729471146e-07 0 0 1
Step 818 8.17999999999987 0.01 0 3.973611865505629e-07 0 0 1
Step 819 8.18999999999987 0.01 1 3.433245027421051e-07 0 0 1
Step 820 8.19999999999987 0.01 0 4.38757822954111e-07 0 0 1
Step 821 8.209999999999869 0.01 0 2.890859727896701e-07 0 0 1
Step 822 8.219999999999869 0.01 0 5.529475824219569e-07 0 0 1
Step 823 8.229999999999869 0.01 0 1.317563521279169e-07 0 0 1
Step 824 8.239999999999869 0.01 0 8.579087829529826e-07 0 0 1
Step 825 8.249999999999869 0.01 0 3.273296045992788e-07 0 0 1
Step 826 8.259999999999868 0.01 2 1.596204039104468e-07 0 0 1
Step 827 8.269999999999868 0.01 2 1.531268972161376e-07 0 0 1
Step 828 8.279999999999868 0.01 0 3.724656866635306e-07 0 0 1
Step 829 8.289999999999868 0.01 0 4.964524328748498e-07 0 0 1
Step 830 8.299999999999867 0.01 0 9.61831975640184e-07 0 0 1
Step 831 8.309999999999867 0.01 1 5.477513229476574e-08 0 0 1
Step 832 8.319999999999867 0.01 2 6.762091551278737e-08 0 0 1
Step 833 8.329999999999867 0.01 0 6.25161289097873e-07 0 0 1
Step 834 8.339999999999867 0.01 0 1.511078802101326e-07 0 0 1
Step 835 8.349999999999866 0.01 2 7.386133748798707e-08 0 0 1
Step 836 8.359999999999866 0.01 0 1.609401350820103e-07 0 0 1
Step 837 8.369999999999866 0.01 0 1.57157426499563e-07 0 0 1
Step 838 8.379999999999866 0.01 0 5.602968433780409e-07 0 0 1
Step 839 8.389999999999866 0.01 0 3.235764762406671e-07 0 0 1
Step 840 8.399999999999865 0.01 1 3.903638025684893e-07 0 0 1
Step 841 8.409999999999865 0.01 0 1.01959302149012e-07 0 0 1
Step 842 8.419999999999865 0.01 1 4.556610259711807e-07 0 0 1
Step 843 8.429999999999865 0.01 0 4.093828828593276e-07 0 0 1
Step 844 8.439999999999864 0.01 1 7.059877769439652e-07 0 0 1
Step 845 8.449999999999864 0.01 0 6.075534896597079e-07 0 0 1
Step 846 8.459999999999864 0.01 2 9.446659100977653e-08 0 0 1
Step 847 8.469999999999864 0.01 2 5.673582361626846e-07 0 0 1
Step 848 8.479999999999864 0.01 2 2.651744109735218e-07 0 0 1
Step 849 8.489999999999863 0.01 2 8.540745249724208e-08 0 0 1
Step 850 8.499999999999863 0.01 1 4.319895279342386e-07 0 0 1
Step 851 8.509999999999863 0.01 0 1.473796057980328e-07 0 0 1
Step 852 8.519999999999863 0.01 1 2.546449824750128e-08 0 0 1
Step 853 8.529999999999863 0.01 0 6.969122477083578e-07 0 0 1
Step 854 8.539999999999862 0.01 0 7.291389970217269e-08 0 0 1
Step 855 8.549999999999862 0.01 1 9.389951578905459e-07 0 0 1
Step 856 8.559999999999862 0.01 0 7.937591040022946e-07 0 0 1
Step 857 8.569999999999862 0.01 1 8.4126404063609e-09 0 0 1
Step 858 8.579999999999862 0.01 2 1.301831440161796e-07 0 0 1
Step 859 8.589999999999861 0.01 0 9.62146263104882e-07 0 0 1
Step 860 8.599999999999861 0.01 0 4.662346789633816e-08 0 0 1
Step 861 8.609999999999861 0.01 2 1.152267064661525e-07 0 0 1
Step 862 8.619999999999861 0.01 0 6.879370994266515e-07 0 0 1
Step 863 8.62999999999986 0.01 0 5.060155052428436e-08 0 0 1
Step 864 8.63999999999986 0.01 1 3.712818243661074e-07 0 0 1
Step 865 8.64999999999986 0.01 0 4.519880158571363e-07 0 0 1
Step 866 8.65999999999986 0.01 1 2.222875334133408e-07 0 0 1
Step 867 8.66999999999986 0.01 0 7.922693309664754e-07 0 0 1
Step 868 8.679999999999859 0.01 1 6.597195880667682e-07 0 0 1
Step 869 8.689999999999859 0.01 2 2.785618730120177e-07 0 0 1
Step 870 8.699999999999859 0.01 2 1.355715131563274e-07 0 0 1
Step 871 8.709999999999859 0.01 0 2.77616326599344e-07 0 0 1
Step 872 8.719999999999859 0.01 0 7.017849569784216e-07 0 0 1
Step 873 8.729999999999858 0.01 0 6.323643536215184e-07 0 0 1
Step 874 8.739999999999858 0.01 1 1.855692250668531e-07 0 0 1
Step 875 8.749999999999858 0.01 2 2.352022943600575e-07 0 0 1
Step 876 8.759999999999858 0.01 0 2.156910947125938e-07 0 0 1
Step 877 8.769999999999857 0.01 0 7.896788771337935e-07 0 0 1
Step 878 8.779999999999857 0.01 0 6.418367069307925e-07 0 0 1
Step 879 8.789999999999857 0.01 1 5.373301980474574e-07 0 0 1
Step 880 8.799999999999857 0.01 2 6.888646549612941e-07 0 0 1
Step 881 8.809999999999857 0.01 2 3.658028912056413e-07 0 0 1
Step 882 8.819999999999856 0.01 2 1.197518210626011e-07 0 0 1
Step 883 8.829999999999856 0.01 1 6.116125410792651e-07 0 0 1
Step 884 8.839999999999856 0.01 0 1.194190876295259e-07 0 0 1
Step 885 8.849999999999856 0.01 1 4.166045299930927e-08 0 0 1
Step 886 8.859999999999856 0.01 0 7.655041155250511e-07 0 0 1
Step 887 8.869999999999855 0.01 0 4.612446827326613e-08 0 0 1
Step 888 8.879999999999855 0.01 2 9.081431440426844e-08 0 0 1
Step 889 8.889999999999855 0.01 0 7.738535143592414e-07 0 0 1
Step 890 8.899999999999855 0.01 0 6.008221484357333e-09 0 0 1
Step 891 8.909999999999854 0.01 2 2.058542209211192e-07 0 0 1
Step 892 8.919999999999854 0.01 0 6.749686294476089e-07 0 0 1
Step 893 8.929999999999854 0.01 0 2.440492735904562e-07 0 0 1
Step 894 8.939999999999854 0.01 2 2.320227428271242e-07 0 0 1
Step 895 8.949999999999854 0.01 1 3.186370115659788e-07 0 0 1
Step 896 8.959999999999853 0.01 0 5.718580199575131e-07 0 0 1
Step 897 8.969999999999853 0.01 0 5.306454401553636e-07 0 0 1
Step 898 8.979999999999853 0.01 0 9.759242366612751e-07 0 0 1
Step 899 8.989999999999853 0.01 0 5.939470202798286e-07 0 0 1
Step 900 8.999999999999853 0.01 2 3.388485390618636e-07 0 0 1
Step 901 9.009999999999852 0.01 0 4.156699904245866e-07 0 0 1
Step 902 9.019999999999852 0.01 2 9.94098183523062e-08 0 0 1
Step 903 9.029999999999852 0.01 2 3.31966220633872e-07 0 0 1
Step 904 9.039999999999852 0.01 0 2.159003302304002e-07 0 0 1
Step 905 9.049999999999851 0.01 0 5.352785236904989e-07 0 0 1
Step 906 9.059999999999851 0.01 0 8.453873921942763e-07 0 0 1
Step 907 9.069999999999851 0.01 1 3.904398379132618e-07 0 0 1
Step 908 9.079999999999851 0.01 2 6.270147670209355e-07 0 0 1
Step 909 9.089999999999851 0.01 2 3.276606993174332e-07 0 0 1
Step 910 9.09999999999985 0.01 2 1.063215168405914e-07 0 0 1
Step 911 9.10999999999985 0.01 1 5.35369023288977e-07 0 0 1
Step 912 9.11999999999985 0.01 0 1.272596483446404e-07 0 0 1
Step 913 9.12999999999985 0.01 1 2.756336378344865e-08 0 0 1
Step 914 9.13999999999985 0.01 0 7.246482362614372e-07 0 0 1
Step 915 9.149999999999849 0.01 0 4.116779118089233e-08 0 0 1
Step 916 9.159999999999849 0.01 2 7.54315839831104e-08 0 0 1
Step 917 9.169999999999849 0.01 0 7.322008739471572e-07 0 0 1
Step 918 9.179999999999849 0.01 0 2.644820541592914e-08 0 0 1
Step 919 9.189999999999849 0.01 2 1.768176485967598e-07 0 0 1
Step 920 9.199999999999848 0.01 0 5.760162770913932e-07 0 0 1
Step 921 9.209999999999848 0.01 0 1.668020553770976e-07 0 0 1
Step 922 9.219999999999848 0.01 2 2.042825169248798e-07 0 0 1
Step 923 9.229999999999848 0.01 0 8.286323116376904e-07 0 0 1
Step 924 9.239999999999847 0.01 0 4.5989506958563e-07 0 0 1
Step 925 9.249999999999847 0.01 2 7.965060913723514e-08 0 0 1
Step 926 9.259999999999847 0.01 2 9.968744788735932e-08 0 0 1
Step 927 9.269999999999847 0.01 0 3.56822814221022e-07 0 0 1
Step 928 9.279999999999847 0.01 0 2.052060205050067e-07 0 0 1
Step 929 9.289999999999846 0.01 0 7.293272055827124e-07 0 0 1
Step 930 9.299999999999846 0.01 0 1.150548959570751e-07 0 0 1
Step 931 9.309999999999846 0.01 2 3.01126103938372e-07 0 0 1
Step 932 9.319999999999846 0.01 0 4.41450648111162e-07 0 0 1
Step 933 9.329999999999846 0.01 0 9.917739642891226e-07 0 0 1
Step 934 9.339999999999845 0.01 0 8.727883889258597e-07 0 0 1
Step 935 9.349999999999845 0.01 2 1.444072845179341e-07 0 0 1
Step 936 9.359999999999845 0.01 2 6.34190517457829e-07 0 0 1
Step 937 9.369999999999845 0.01 2 3.754504622594172e-07 0 0 1
Step 938 9.379999999999844 0.01 2 1.22820436422372e-07 0 0 1
Step 939 9.389999999999844 0.01 1 6.27007139343016e-07 0 0 1
Step 940 9.399999999999844 0.01 0 1.26962597658103e-07 0 0 1
Step 941 9.409999999999844 0.01 1 4.248933236619045e-08 0 0 1
Step 942 9.419999999999844 0.01 0 7.963402590873534e-07 0 0 1
Step 943 9.429999999999843 0.01 0 4.979451764632685e-08 0 0 1
Step 944 9.439999999999843 0.01 2 9.308439946031061e-08 0 0 1
Step 945 9.449999999999843 0.01 0 8.10976092625477e-07 0 0 1
Step 946 9.459999999999843 0.01 0 6.274536111138795e-09 0 0 1
Step 947 9.469999999999843 0.01 2 2.106008508160817e-07 0 0 1
Step 948 9.479999999999842 0.01 0 7.065303734592805e-07 0 0 1
Step 949 9.489999999999842 0.01 0 2.432521788269453e-07 0 0 1
Step 950 9.499999999999842 0.01 2 2.380381811663134e-07 0 0 1
Step 951 9.509999999999842 0.01 1 3.401161209313964e-07 0 0 1
Step 952 9.519999999999841 0.01 0 5.766754435166247e-07 0 0 1
Step 953 9.529999999999841 0.01 0 5.720757051518729e-07 0 0 1
Step 954 9.539999999999841 0.01 0 9.660168236638628e-07 0 0 1
Step 955 9.549999999999841 0.01 0 6.790540279515933e-07 0 0 1
Step 956 9.559999999999841 0.01 2 3.457586779085188e-07 0 0 1
Step 957 9.56999999999984 0.01 0 5.998569960880996e-07 0 0 1
Step 958 9.57999999999984 0.01 2 1.004194616066447e-07 0 0 1
Step 959 9.58999999999984 0.01 2 3.383482120625593e-07 0 0 1
Step 960 9.59999999999984 0.01 0 3.575476564122515e-07 0 0 1
Step 961 9.60999999999984 0.01 0 4.887406098515741e-07 0 0 1
Step 962 9.619999999999839 0.01 2 2.973748034112389e-07 0 0 1
Step 963 9.629999999999839 0.01 1 2.962816056422518e-08 0 0 1
Step 964 9.639999999999839 0.01 2 8.509084613197746e-08 0 0 1
Step 965 9.649999999999839 0.01 0 2.210123327206823e-07 0 0 1
Step 966 9.659999999999838 0.01 0 2.279600864533141e-07 0 0 1
Step 967 9.669999999999838 0.01 0 4.578806004813411e-07 0 0 1
Step 968 9.679999999999838 0.01 0 3.234672034287332e-07 0 0 1
Step 969 9.689999999999838 0.01 0 8.050135661635993e-07 0 0 1
Step 970 9.699999999999838 0.01 0 2.897951640741028e-07 0 0 1
Step 971 9.709999999999837 0.01 2 3.142642053906485e-07 0 0 1
Step 972 9.719999999999837 0.01 0 5.140318556791934e-07 0 0 1
Step 973 9.729999999999837 0.01 0 1.35629879851672e-07 0 0 1
Step 974 9.739999999999837 0.01 2 7.206721642545699e-07 0 0 1
Step 975 9.749999999999837 0.01 0 6.49847656951109e-07 0 0 1
Step 976 9.759999999999836 0.01 2 1.304827222210966e-07 0 0 1
Step 977 9.769999999999836 0.01 2 7.231706009199054e-07 0 0 1
Step 978 9.779999999999836 0.01 0 4.040770439538636e-07 0 0 1
Step 979 9.789999999999836 0.01 2 1.13131835957594e-07 0 0 1
Step 980 9.799999999999836 0.01 2 6.952553292240897e-07 0 0 1
Step 981 9.809999999999835 0.01 0 5.576245149798172e-07 0 0 1
Step 982 9.819999999999835 0.01 2 1.132785639524597e-07 0 0 1
Step 983 9.829999999999835 0.01 2 6.842671857824074e-07 0 0 1
Step 984 9.839999999999835 0.01 0 8.33603296820732e-07 0 0 1
Step 985 9.849999999999834 0.01 2 1.161325935832391e-07 0 0 1
Step 986 9.859999999999834 0.01 2 6.860458762514529e-07 0 0 1
Step 987 9.869999999999834 0.01 2 2.713562842146229e-07 0 0 1
Step 988 9.879999999999834 0.01 2 8.727781987440617e-08 0 0 1
Step 989 9.889999999999834 0.01 1 4.386389907991994e-07 0 0 1
Step 990 9.899999999999833 0.01 0 1.511203655215896e-07 0 0 1
Step 991 9.909999999999833 0.01 1 2.26868750699843e-08 0 0 1
Step 992 9.919999999999833 0.01 0 7.107167841568784e-07 0 0 1
Step 993 9.929999999999833 0.01 0 6.859692291753631e-08 0 0 1
Step 994 9.939999999999833 0.01 1 9.300322570833298e-07 0 0 1
Step 995 9.949999999999832 0.01 0 7.963828090182471e-07 0 0 1
Step 996 9.959999999999832 0.01 1 1.260680277661231e-08 0 0 1
Step 997 9.969999999999832 0.01 2 1.31780397358382e-07 0 0 1
Step 998 9.979999999999832 0.01 0 9.513298779997143e-07 0 0 1
Step 999 9.989999999999831 0.01 0 4.664500570965707e-08 0 0 1
Step 1000 9.999999999999831 0.01 2 1.167920999533656e-07 0 0 1
Step 1001 10.00999999999983 0.01 0 6.779512973083583e-07 0 0 1
